Manim Community v0.21.0

[09/17/26 22:22:38] INFO     Caching disabled.              cairo_renderer.py:81
[09/17/26 22:22:39] INFO     Animation 0 : Partial      scene_file_writer.py:192
                             movie file written in                              
                             '/Users/kennyg/photonics-s                         
                             imulations/experiments/01_                         
                             travelling_wave/media/vide                         
                             os/scene/720p30/partial_mo                         
                             vie_files/TravellingWaveSc                         
                             ene/uncached_00000.mp4'                            
                    INFO     Caching disabled.              cairo_renderer.py:81
[09/17/26 22:23:16] INFO     Animation 1 : Partial      scene_file_writer.py:192
                             movie file written in                              
                             '/Users/kennyg/photonics-s                         
                             imulations/experiments/01_                         
                             travelling_wave/media/vide                         
                             os/scene/720p30/partial_mo                         
                             vie_files/TravellingWaveSc                         
                             ene/uncached_00001.mp4'                            
                    INFO     Caching disabled.              cairo_renderer.py:81
                    INFO     Animation 2 : Partial      scene_file_writer.py:192
                             movie file written in                              
                             '/Users/kennyg/photonics-s                         
                             imulations/experiments/01_                         
                             travelling_wave/media/vide                         
                             os/scene/720p30/partial_mo                         
                             vie_files/TravellingWaveSc                         
                             ene/uncached_00002.mp4'                            
                    INFO     Combining to Movie file.   scene_file_writer.py:952
                    INFO                               scene_file_writer.py:1103
                             File ready at                                      
                             '/Users/kennyg/photonics-                          
                             simulations/experiments/0                          
                             1_travelling_wave/media/v                          
                             ideos/scene/720p30/travel                          
                             ling_wave.mp4'                                     
                                                                                
                    INFO     Rendered TravellingWaveScene           scene.py:290
                             Played 3 animations                                


Animation 1: _MethodAnimation(ValueTracker):   0%|          | 0/360 [00:00<?, ?it/s]
Animation 1: _MethodAnimation(ValueTracker):   1%|          | 2/360 [00:00<00:31, 11.42it/s]
Animation 1: _MethodAnimation(ValueTracker):   1%|          | 4/360 [00:00<00:33, 10.77it/s]
Animation 1: _MethodAnimation(ValueTracker):   2%|▏         | 6/360 [00:00<00:37,  9.51it/s]
Animation 1: _MethodAnimation(ValueTracker):   2%|▏         | 7/360 [00:00<00:37,  9.46it/s]
Animation 1: _MethodAnimation(ValueTracker):   2%|▎         | 9/360 [00:00<00:33, 10.34it/s]
Animation 1: _MethodAnimation(ValueTracker):   3%|▎         | 11/360 [00:01<00:32, 10.89it/s]
Animation 1: _MethodAnimation(ValueTracker):   4%|▎         | 13/360 [00:01<00:31, 11.11it/s]
Animation 1: _MethodAnimation(ValueTracker):   4%|▍         | 15/360 [00:01<00:30, 11.37it/s]
Animation 1: _MethodAnimation(ValueTracker):   5%|▍         | 17/360 [00:01<00:29, 11.54it/s]
Animation 1: _MethodAnimation(ValueTracker):   5%|▌         | 19/360 [00:01<00:29, 11.49it/s]
Animation 1: _MethodAnimation(ValueTracker):   6%|▌         | 21/360 [00:01<00:29, 11.46it/s]
Animation 1: _MethodAnimation(ValueTracker):   6%|▋         | 23/360 [00:02<00:30, 11.03it/s]
Animation 1: _MethodAnimation(ValueTracker):   7%|▋         | 25/360 [00:02<00:31, 10.78it/s]
Animation 1: _MethodAnimation(ValueTracker):   8%|▊         | 27/360 [00:02<00:36,  9.20it/s]
Animation 1: _MethodAnimation(ValueTracker):   8%|▊         | 28/360 [00:02<00:35,  9.29it/s]
Animation 1: _MethodAnimation(ValueTracker):   8%|▊         | 30/360 [00:02<00:33,  9.79it/s]
Animation 1: _MethodAnimation(ValueTracker):   9%|▉         | 32/360 [00:03<00:31, 10.46it/s]
Animation 1: _MethodAnimation(ValueTracker):   9%|▉         | 34/360 [00:03<00:33,  9.81it/s]
Animation 1: _MethodAnimation(ValueTracker):  10%|█         | 36/360 [00:03<00:32, 10.11it/s]
Animation 1: _MethodAnimation(ValueTracker):  11%|█         | 38/360 [00:03<00:32,  9.82it/s]
Animation 1: _MethodAnimation(ValueTracker):  11%|█         | 39/360 [00:03<00:33,  9.71it/s]
Animation 1: _MethodAnimation(ValueTracker):  11%|█▏        | 41/360 [00:03<00:30, 10.34it/s]
Animation 1: _MethodAnimation(ValueTracker):  12%|█▏        | 43/360 [00:04<00:30, 10.49it/s]
Animation 1: _MethodAnimation(ValueTracker):  12%|█▎        | 45/360 [00:04<00:29, 10.56it/s]
Animation 1: _MethodAnimation(ValueTracker):  13%|█▎        | 47/360 [00:04<00:29, 10.62it/s]
Animation 1: _MethodAnimation(ValueTracker):  14%|█▎        | 49/360 [00:04<00:29, 10.61it/s]
Animation 1: _MethodAnimation(ValueTracker):  14%|█▍        | 51/360 [00:04<00:28, 10.70it/s]
Animation 1: _MethodAnimation(ValueTracker):  15%|█▍        | 53/360 [00:05<00:30, 10.07it/s]
Animation 1: _MethodAnimation(ValueTracker):  15%|█▌        | 55/360 [00:05<00:29, 10.27it/s]
Animation 1: _MethodAnimation(ValueTracker):  16%|█▌        | 57/360 [00:05<00:28, 10.71it/s]
Animation 1: _MethodAnimation(ValueTracker):  16%|█▋        | 59/360 [00:05<00:28, 10.54it/s]
Animation 1: _MethodAnimation(ValueTracker):  17%|█▋        | 61/360 [00:05<00:28, 10.52it/s]
Animation 1: _MethodAnimation(ValueTracker):  18%|█▊        | 63/360 [00:06<00:27, 10.72it/s]
Animation 1: _MethodAnimation(ValueTracker):  18%|█▊        | 65/360 [00:06<00:28, 10.44it/s]
Animation 1: _MethodAnimation(ValueTracker):  19%|█▊        | 67/360 [00:06<00:27, 10.48it/s]
Animation 1: _MethodAnimation(ValueTracker):  19%|█▉        | 69/360 [00:06<00:34,  8.41it/s]
Animation 1: _MethodAnimation(ValueTracker):  19%|█▉        | 70/360 [00:07<00:40,  7.11it/s]
Animation 1: _MethodAnimation(ValueTracker):  20%|█▉        | 71/360 [00:07<00:38,  7.45it/s]
Animation 1: _MethodAnimation(ValueTracker):  20%|██        | 72/360 [00:07<00:36,  7.81it/s]
Animation 1: _MethodAnimation(ValueTracker):  20%|██        | 73/360 [00:07<00:35,  8.16it/s]
Animation 1: _MethodAnimation(ValueTracker):  21%|██        | 75/360 [00:07<00:31,  9.06it/s]
Animation 1: _MethodAnimation(ValueTracker):  21%|██        | 76/360 [00:07<00:32,  8.78it/s]
Animation 1: _MethodAnimation(ValueTracker):  21%|██▏       | 77/360 [00:07<00:32,  8.80it/s]
Animation 1: _MethodAnimation(ValueTracker):  22%|██▏       | 78/360 [00:07<00:31,  8.98it/s]
Animation 1: _MethodAnimation(ValueTracker):  22%|██▏       | 80/360 [00:08<00:29,  9.40it/s]
Animation 1: _MethodAnimation(ValueTracker):  23%|██▎       | 82/360 [00:08<00:28,  9.89it/s]
Animation 1: _MethodAnimation(ValueTracker):  23%|██▎       | 83/360 [00:08<00:27,  9.89it/s]
Animation 1: _MethodAnimation(ValueTracker):  23%|██▎       | 84/360 [00:08<00:27,  9.87it/s]
Animation 1: _MethodAnimation(ValueTracker):  24%|██▍       | 86/360 [00:08<00:26, 10.18it/s]
Animation 1: _MethodAnimation(ValueTracker):  24%|██▍       | 88/360 [00:08<00:26, 10.40it/s]
Animation 1: _MethodAnimation(ValueTracker):  25%|██▌       | 90/360 [00:09<00:26, 10.35it/s]
Animation 1: _MethodAnimation(ValueTracker):  26%|██▌       | 92/360 [00:09<00:25, 10.48it/s]
Animation 1: _MethodAnimation(ValueTracker):  26%|██▌       | 94/360 [00:09<00:26, 10.02it/s]
Animation 1: _MethodAnimation(ValueTracker):  27%|██▋       | 96/360 [00:09<00:26,  9.88it/s]
Animation 1: _MethodAnimation(ValueTracker):  27%|██▋       | 97/360 [00:09<00:27,  9.48it/s]
Animation 1: _MethodAnimation(ValueTracker):  28%|██▊       | 99/360 [00:09<00:27,  9.57it/s]
Animation 1: _MethodAnimation(ValueTracker):  28%|██▊       | 101/360 [00:10<00:25, 10.32it/s]
Animation 1: _MethodAnimation(ValueTracker):  29%|██▊       | 103/360 [00:10<00:23, 10.88it/s]
Animation 1: _MethodAnimation(ValueTracker):  29%|██▉       | 105/360 [00:10<00:22, 11.28it/s]
Animation 1: _MethodAnimation(ValueTracker):  30%|██▉       | 107/360 [00:10<00:27,  9.37it/s]
Animation 1: _MethodAnimation(ValueTracker):  30%|███       | 108/360 [00:10<00:26,  9.42it/s]
Animation 1: _MethodAnimation(ValueTracker):  31%|███       | 110/360 [00:11<00:25,  9.82it/s]
Animation 1: _MethodAnimation(ValueTracker):  31%|███       | 112/360 [00:11<00:31,  7.88it/s]
Animation 1: _MethodAnimation(ValueTracker):  31%|███▏      | 113/360 [00:11<00:30,  8.18it/s]
Animation 1: _MethodAnimation(ValueTracker):  32%|███▏      | 115/360 [00:11<00:27,  8.97it/s]
Animation 1: _MethodAnimation(ValueTracker):  32%|███▎      | 117/360 [00:11<00:25,  9.50it/s]
Animation 1: _MethodAnimation(ValueTracker):  33%|███▎      | 119/360 [00:12<00:24,  9.82it/s]
Animation 1: _MethodAnimation(ValueTracker):  34%|███▎      | 121/360 [00:12<00:25,  9.20it/s]
Animation 1: _MethodAnimation(ValueTracker):  34%|███▍      | 122/360 [00:12<00:30,  7.68it/s]
Animation 1: _MethodAnimation(ValueTracker):  34%|███▍      | 124/360 [00:12<00:28,  8.41it/s]
Animation 1: _MethodAnimation(ValueTracker):  35%|███▍      | 125/360 [00:12<00:27,  8.59it/s]
Animation 1: _MethodAnimation(ValueTracker):  35%|███▌      | 126/360 [00:12<00:26,  8.79it/s]
Animation 1: _MethodAnimation(ValueTracker):  36%|███▌      | 128/360 [00:13<00:24,  9.65it/s]
Animation 1: _MethodAnimation(ValueTracker):  36%|███▌      | 129/360 [00:13<00:24,  9.60it/s]
Animation 1: _MethodAnimation(ValueTracker):  36%|███▌      | 130/360 [00:13<00:24,  9.21it/s]
Animation 1: _MethodAnimation(ValueTracker):  36%|███▋      | 131/360 [00:13<00:24,  9.38it/s]
Animation 1: _MethodAnimation(ValueTracker):  37%|███▋      | 132/360 [00:13<00:24,  9.21it/s]
Animation 1: _MethodAnimation(ValueTracker):  37%|███▋      | 133/360 [00:13<00:24,  9.13it/s]
Animation 1: _MethodAnimation(ValueTracker):  38%|███▊      | 135/360 [00:13<00:23,  9.46it/s]
Animation 1: _MethodAnimation(ValueTracker):  38%|███▊      | 137/360 [00:14<00:22,  9.82it/s]
Animation 1: _MethodAnimation(ValueTracker):  39%|███▊      | 139/360 [00:14<00:22,  9.67it/s]
Animation 1: _MethodAnimation(ValueTracker):  39%|███▉      | 140/360 [00:14<00:23,  9.43it/s]
Animation 1: _MethodAnimation(ValueTracker):  39%|███▉      | 142/360 [00:14<00:22,  9.65it/s]
Animation 1: _MethodAnimation(ValueTracker):  40%|███▉      | 143/360 [00:14<00:22,  9.50it/s]
Animation 1: _MethodAnimation(ValueTracker):  40%|████      | 144/360 [00:14<00:24,  8.94it/s]
Animation 1: _MethodAnimation(ValueTracker):  41%|████      | 146/360 [00:15<00:23,  9.19it/s]
Animation 1: _MethodAnimation(ValueTracker):  41%|████      | 147/360 [00:15<00:23,  9.13it/s]
Animation 1: _MethodAnimation(ValueTracker):  41%|████      | 148/360 [00:15<00:23,  8.90it/s]
Animation 1: _MethodAnimation(ValueTracker):  42%|████▏     | 150/360 [00:15<00:21,  9.77it/s]
Animation 1: _MethodAnimation(ValueTracker):  42%|████▏     | 151/360 [00:15<00:21,  9.74it/s]
Animation 1: _MethodAnimation(ValueTracker):  42%|████▏     | 152/360 [00:15<00:21,  9.80it/s]
Animation 1: _MethodAnimation(ValueTracker):  42%|████▎     | 153/360 [00:15<00:21,  9.52it/s]
Animation 1: _MethodAnimation(ValueTracker):  43%|████▎     | 154/360 [00:15<00:21,  9.41it/s]
Animation 1: _MethodAnimation(ValueTracker):  43%|████▎     | 156/360 [00:16<00:20,  9.98it/s]
Animation 1: _MethodAnimation(ValueTracker):  44%|████▎     | 157/360 [00:16<00:20,  9.84it/s]
Animation 1: _MethodAnimation(ValueTracker):  44%|████▍     | 159/360 [00:16<00:19, 10.05it/s]
Animation 1: _MethodAnimation(ValueTracker):  45%|████▍     | 161/360 [00:16<00:20,  9.56it/s]
Animation 1: _MethodAnimation(ValueTracker):  45%|████▌     | 163/360 [00:16<00:20,  9.68it/s]
Animation 1: _MethodAnimation(ValueTracker):  46%|████▌     | 164/360 [00:16<00:20,  9.40it/s]
Animation 1: _MethodAnimation(ValueTracker):  46%|████▌     | 165/360 [00:17<00:20,  9.40it/s]
Animation 1: _MethodAnimation(ValueTracker):  46%|████▌     | 166/360 [00:17<00:20,  9.31it/s]
Animation 1: _MethodAnimation(ValueTracker):  47%|████▋     | 168/360 [00:17<00:20,  9.51it/s]
Animation 1: _MethodAnimation(ValueTracker):  47%|████▋     | 170/360 [00:17<00:19,  9.99it/s]
Animation 1: _MethodAnimation(ValueTracker):  48%|████▊     | 172/360 [00:17<00:18,  9.99it/s]
Animation 1: _MethodAnimation(ValueTracker):  48%|████▊     | 174/360 [00:17<00:18, 10.15it/s]
Animation 1: _MethodAnimation(ValueTracker):  49%|████▉     | 176/360 [00:18<00:17, 10.24it/s]
Animation 1: _MethodAnimation(ValueTracker):  49%|████▉     | 178/360 [00:18<00:20,  9.07it/s]
Animation 1: _MethodAnimation(ValueTracker):  50%|█████     | 180/360 [00:18<00:18,  9.63it/s]
Animation 1: _MethodAnimation(ValueTracker):  51%|█████     | 182/360 [00:18<00:17, 10.16it/s]
Animation 1: _MethodAnimation(ValueTracker):  51%|█████     | 184/360 [00:18<00:18,  9.44it/s]
Animation 1: _MethodAnimation(ValueTracker):  51%|█████▏    | 185/360 [00:19<00:18,  9.53it/s]
Animation 1: _MethodAnimation(ValueTracker):  52%|█████▏    | 186/360 [00:19<00:18,  9.48it/s]
Animation 1: _MethodAnimation(ValueTracker):  52%|█████▏    | 187/360 [00:19<00:18,  9.54it/s]
Animation 1: _MethodAnimation(ValueTracker):  52%|█████▏    | 188/360 [00:19<00:18,  9.36it/s]
Animation 1: _MethodAnimation(ValueTracker):  53%|█████▎    | 190/360 [00:19<00:17,  9.56it/s]
Animation 1: _MethodAnimation(ValueTracker):  53%|█████▎    | 192/360 [00:19<00:17,  9.71it/s]
Animation 1: _MethodAnimation(ValueTracker):  54%|█████▎    | 193/360 [00:19<00:17,  9.44it/s]
Animation 1: _MethodAnimation(ValueTracker):  54%|█████▍    | 194/360 [00:20<00:18,  9.19it/s]
Animation 1: _MethodAnimation(ValueTracker):  54%|█████▍    | 195/360 [00:20<00:17,  9.17it/s]
Animation 1: _MethodAnimation(ValueTracker):  54%|█████▍    | 196/360 [00:20<00:18,  9.07it/s]
Animation 1: _MethodAnimation(ValueTracker):  55%|█████▍    | 197/360 [00:20<00:17,  9.18it/s]
Animation 1: _MethodAnimation(ValueTracker):  55%|█████▌    | 198/360 [00:20<00:17,  9.39it/s]
Animation 1: _MethodAnimation(ValueTracker):  56%|█████▌    | 200/360 [00:20<00:16,  9.90it/s]
Animation 1: _MethodAnimation(ValueTracker):  56%|█████▌    | 202/360 [00:20<00:15, 10.00it/s]
Animation 1: _MethodAnimation(ValueTracker):  56%|█████▋    | 203/360 [00:20<00:16,  9.62it/s]
Animation 1: _MethodAnimation(ValueTracker):  57%|█████▋    | 205/360 [00:21<00:15,  9.75it/s]
Animation 1: _MethodAnimation(ValueTracker):  57%|█████▊    | 207/360 [00:21<00:16,  9.02it/s]
Animation 1: _MethodAnimation(ValueTracker):  58%|█████▊    | 208/360 [00:21<00:16,  9.12it/s]
Animation 1: _MethodAnimation(ValueTracker):  58%|█████▊    | 209/360 [00:21<00:16,  9.13it/s]
Animation 1: _MethodAnimation(ValueTracker):  58%|█████▊    | 210/360 [00:21<00:16,  9.26it/s]
Animation 1: _MethodAnimation(ValueTracker):  59%|█████▊    | 211/360 [00:21<00:16,  9.30it/s]
Animation 1: _MethodAnimation(ValueTracker):  59%|█████▉    | 213/360 [00:22<00:15,  9.66it/s]
Animation 1: _MethodAnimation(ValueTracker):  59%|█████▉    | 214/360 [00:22<00:15,  9.41it/s]
Animation 1: _MethodAnimation(ValueTracker):  60%|█████▉    | 215/360 [00:22<00:15,  9.17it/s]
Animation 1: _MethodAnimation(ValueTracker):  60%|██████    | 216/360 [00:22<00:15,  9.06it/s]
Animation 1: _MethodAnimation(ValueTracker):  61%|██████    | 218/360 [00:22<00:14,  9.47it/s]
Animation 1: _MethodAnimation(ValueTracker):  61%|██████    | 220/360 [00:22<00:13, 10.03it/s]
Animation 1: _MethodAnimation(ValueTracker):  61%|██████▏   | 221/360 [00:22<00:14,  9.83it/s]
Animation 1: _MethodAnimation(ValueTracker):  62%|██████▏   | 222/360 [00:22<00:14,  9.65it/s]
Animation 1: _MethodAnimation(ValueTracker):  62%|██████▏   | 223/360 [00:23<00:14,  9.63it/s]
Animation 1: _MethodAnimation(ValueTracker):  62%|██████▎   | 225/360 [00:23<00:13,  9.88it/s]
Animation 1: _MethodAnimation(ValueTracker):  63%|██████▎   | 226/360 [00:23<00:14,  9.45it/s]
Animation 1: _MethodAnimation(ValueTracker):  63%|██████▎   | 227/360 [00:23<00:14,  9.30it/s]
Animation 1: _MethodAnimation(ValueTracker):  64%|██████▎   | 229/360 [00:23<00:13,  9.59it/s]
Animation 1: _MethodAnimation(ValueTracker):  64%|██████▍   | 231/360 [00:23<00:13,  9.81it/s]
Animation 1: _MethodAnimation(ValueTracker):  64%|██████▍   | 232/360 [00:23<00:13,  9.79it/s]
Animation 1: _MethodAnimation(ValueTracker):  65%|██████▌   | 234/360 [00:24<00:12,  9.78it/s]
Animation 1: _MethodAnimation(ValueTracker):  65%|██████▌   | 235/360 [00:24<00:13,  9.55it/s]
Animation 1: _MethodAnimation(ValueTracker):  66%|██████▌   | 236/360 [00:24<00:13,  9.38it/s]
Animation 1: _MethodAnimation(ValueTracker):  66%|██████▌   | 237/360 [00:24<00:13,  9.35it/s]
Animation 1: _MethodAnimation(ValueTracker):  66%|██████▌   | 238/360 [00:24<00:13,  9.37it/s]
Animation 1: _MethodAnimation(ValueTracker):  66%|██████▋   | 239/360 [00:24<00:12,  9.53it/s]
Animation 1: _MethodAnimation(ValueTracker):  67%|██████▋   | 240/360 [00:24<00:12,  9.57it/s]
Animation 1: _MethodAnimation(ValueTracker):  67%|██████▋   | 242/360 [00:25<00:12,  9.47it/s]
Animation 1: _MethodAnimation(ValueTracker):  68%|██████▊   | 243/360 [00:25<00:12,  9.26it/s]
Animation 1: _MethodAnimation(ValueTracker):  68%|██████▊   | 244/360 [00:25<00:12,  9.29it/s]
Animation 1: _MethodAnimation(ValueTracker):  68%|██████▊   | 245/360 [00:25<00:12,  9.25it/s]
Animation 1: _MethodAnimation(ValueTracker):  69%|██████▊   | 247/360 [00:25<00:12,  8.71it/s]
Animation 1: _MethodAnimation(ValueTracker):  69%|██████▉   | 248/360 [00:25<00:12,  8.64it/s]
Animation 1: _MethodAnimation(ValueTracker):  69%|██████▉   | 249/360 [00:25<00:12,  8.80it/s]
Animation 1: _MethodAnimation(ValueTracker):  69%|██████▉   | 250/360 [00:25<00:12,  8.79it/s]
Animation 1: _MethodAnimation(ValueTracker):  70%|██████▉   | 251/360 [00:26<00:12,  8.57it/s]
Animation 1: _MethodAnimation(ValueTracker):  70%|███████   | 252/360 [00:26<00:12,  8.79it/s]
Animation 1: _MethodAnimation(ValueTracker):  70%|███████   | 253/360 [00:26<00:11,  9.09it/s]
Animation 1: _MethodAnimation(ValueTracker):  71%|███████   | 254/360 [00:26<00:11,  9.23it/s]
Animation 1: _MethodAnimation(ValueTracker):  71%|███████   | 255/360 [00:26<00:11,  9.27it/s]
Animation 1: _MethodAnimation(ValueTracker):  71%|███████▏  | 257/360 [00:26<00:10,  9.55it/s]
Animation 1: _MethodAnimation(ValueTracker):  72%|███████▏  | 259/360 [00:26<00:10,  9.77it/s]
Animation 1: _MethodAnimation(ValueTracker):  72%|███████▏  | 260/360 [00:27<00:10,  9.26it/s]
Animation 1: _MethodAnimation(ValueTracker):  73%|███████▎  | 262/360 [00:27<00:10,  9.64it/s]
Animation 1: _MethodAnimation(ValueTracker):  73%|███████▎  | 263/360 [00:27<00:10,  9.13it/s]
Animation 1: _MethodAnimation(ValueTracker):  73%|███████▎  | 264/360 [00:27<00:10,  9.25it/s]
Animation 1: _MethodAnimation(ValueTracker):  74%|███████▎  | 265/360 [00:27<00:10,  9.23it/s]
Animation 1: _MethodAnimation(ValueTracker):  74%|███████▍  | 266/360 [00:27<00:10,  8.84it/s]
Animation 1: _MethodAnimation(ValueTracker):  74%|███████▍  | 267/360 [00:27<00:10,  8.99it/s]
Animation 1: _MethodAnimation(ValueTracker):  75%|███████▍  | 269/360 [00:28<00:09,  9.22it/s]
Animation 1: _MethodAnimation(ValueTracker):  75%|███████▌  | 270/360 [00:28<00:10,  8.49it/s]
Animation 1: _MethodAnimation(ValueTracker):  75%|███████▌  | 271/360 [00:28<00:10,  8.38it/s]
Animation 1: _MethodAnimation(ValueTracker):  76%|███████▌  | 272/360 [00:28<00:10,  8.63it/s]
Animation 1: _MethodAnimation(ValueTracker):  76%|███████▌  | 273/360 [00:28<00:10,  8.63it/s]
Animation 1: _MethodAnimation(ValueTracker):  76%|███████▌  | 274/360 [00:28<00:10,  8.35it/s]
Animation 1: _MethodAnimation(ValueTracker):  77%|███████▋  | 276/360 [00:28<00:09,  8.83it/s]
Animation 1: _MethodAnimation(ValueTracker):  77%|███████▋  | 277/360 [00:28<00:09,  9.06it/s]
Animation 1: _MethodAnimation(ValueTracker):  78%|███████▊  | 279/360 [00:29<00:08,  9.82it/s]
Animation 1: _MethodAnimation(ValueTracker):  78%|███████▊  | 280/360 [00:29<00:08,  9.63it/s]
Animation 1: _MethodAnimation(ValueTracker):  78%|███████▊  | 281/360 [00:29<00:08,  9.12it/s]
Animation 1: _MethodAnimation(ValueTracker):  78%|███████▊  | 282/360 [00:29<00:08,  9.26it/s]
Animation 1: _MethodAnimation(ValueTracker):  79%|███████▊  | 283/360 [00:29<00:08,  9.27it/s]
Animation 1: _MethodAnimation(ValueTracker):  79%|███████▉  | 284/360 [00:29<00:08,  9.29it/s]
Animation 1: _MethodAnimation(ValueTracker):  79%|███████▉  | 285/360 [00:29<00:08,  9.14it/s]
Animation 1: _MethodAnimation(ValueTracker):  79%|███████▉  | 286/360 [00:29<00:08,  9.20it/s]
Animation 1: _MethodAnimation(ValueTracker):  80%|███████▉  | 287/360 [00:30<00:07,  9.32it/s]
Animation 1: _MethodAnimation(ValueTracker):  80%|████████  | 288/360 [00:30<00:07,  9.23it/s]
Animation 1: _MethodAnimation(ValueTracker):  80%|████████  | 289/360 [00:30<00:07,  9.43it/s]
Animation 1: _MethodAnimation(ValueTracker):  81%|████████  | 290/360 [00:30<00:07,  8.96it/s]
Animation 1: _MethodAnimation(ValueTracker):  81%|████████  | 291/360 [00:30<00:07,  9.24it/s]
Animation 1: _MethodAnimation(ValueTracker):  81%|████████  | 292/360 [00:30<00:08,  8.43it/s]
Animation 1: _MethodAnimation(ValueTracker):  81%|████████▏ | 293/360 [00:30<00:07,  8.50it/s]
Animation 1: _MethodAnimation(ValueTracker):  82%|████████▏ | 295/360 [00:30<00:06,  9.85it/s]
Animation 1: _MethodAnimation(ValueTracker):  82%|████████▎ | 297/360 [00:31<00:05, 10.63it/s]
Animation 1: _MethodAnimation(ValueTracker):  83%|████████▎ | 299/360 [00:31<00:05, 11.06it/s]
Animation 1: _MethodAnimation(ValueTracker):  84%|████████▎ | 301/360 [00:31<00:05, 11.47it/s]
Animation 1: _MethodAnimation(ValueTracker):  84%|████████▍ | 303/360 [00:31<00:05, 10.83it/s]
Animation 1: _MethodAnimation(ValueTracker):  85%|████████▍ | 305/360 [00:31<00:05, 10.65it/s]
Animation 1: _MethodAnimation(ValueTracker):  85%|████████▌ | 307/360 [00:32<00:05,  9.99it/s]
Animation 1: _MethodAnimation(ValueTracker):  86%|████████▌ | 309/360 [00:32<00:05,  9.74it/s]
Animation 1: _MethodAnimation(ValueTracker):  86%|████████▌ | 310/360 [00:32<00:05,  9.74it/s]
Animation 1: _MethodAnimation(ValueTracker):  86%|████████▋ | 311/360 [00:32<00:05,  9.69it/s]
Animation 1: _MethodAnimation(ValueTracker):  87%|████████▋ | 312/360 [00:32<00:05,  9.50it/s]
Animation 1: _MethodAnimation(ValueTracker):  87%|████████▋ | 313/360 [00:32<00:05,  9.12it/s]
Animation 1: _MethodAnimation(ValueTracker):  87%|████████▋ | 314/360 [00:32<00:05,  8.73it/s]
Animation 1: _MethodAnimation(ValueTracker):  88%|████████▊ | 316/360 [00:33<00:04,  9.07it/s]
Animation 1: _MethodAnimation(ValueTracker):  88%|████████▊ | 317/360 [00:33<00:04,  9.15it/s]
Animation 1: _MethodAnimation(ValueTracker):  89%|████████▊ | 319/360 [00:33<00:04,  9.62it/s]
Animation 1: _MethodAnimation(ValueTracker):  89%|████████▉ | 321/360 [00:33<00:03, 10.23it/s]
Animation 1: _MethodAnimation(ValueTracker):  90%|████████▉ | 323/360 [00:33<00:03, 10.54it/s]
Animation 1: _MethodAnimation(ValueTracker):  90%|█████████ | 325/360 [00:33<00:03, 11.05it/s]
Animation 1: _MethodAnimation(ValueTracker):  91%|█████████ | 327/360 [00:33<00:02, 11.13it/s]
Animation 1: _MethodAnimation(ValueTracker):  91%|█████████▏| 329/360 [00:34<00:02, 11.00it/s]
Animation 1: _MethodAnimation(ValueTracker):  92%|█████████▏| 331/360 [00:34<00:02, 10.91it/s]
Animation 1: _MethodAnimation(ValueTracker):  92%|█████████▎| 333/360 [00:34<00:02, 10.86it/s]
Animation 1: _MethodAnimation(ValueTracker):  93%|█████████▎| 335/360 [00:34<00:02, 11.06it/s]
Animation 1: _MethodAnimation(ValueTracker):  94%|█████████▎| 337/360 [00:34<00:02, 10.57it/s]
Animation 1: _MethodAnimation(ValueTracker):  94%|█████████▍| 339/360 [00:35<00:01, 10.95it/s]
Animation 1: _MethodAnimation(ValueTracker):  95%|█████████▍| 341/360 [00:35<00:01, 11.28it/s]
Animation 1: _MethodAnimation(ValueTracker):  95%|█████████▌| 343/360 [00:35<00:01, 11.25it/s]
Animation 1: _MethodAnimation(ValueTracker):  96%|█████████▌| 345/360 [00:35<00:01, 11.25it/s]
Animation 1: _MethodAnimation(ValueTracker):  96%|█████████▋| 347/360 [00:35<00:01, 11.19it/s]
Animation 1: _MethodAnimation(ValueTracker):  97%|█████████▋| 349/360 [00:35<00:00, 11.09it/s]
Animation 1: _MethodAnimation(ValueTracker):  98%|█████████▊| 351/360 [00:36<00:00, 11.20it/s]
Animation 1: _MethodAnimation(ValueTracker):  98%|█████████▊| 353/360 [00:36<00:00, 11.40it/s]
Animation 1: _MethodAnimation(ValueTracker):  99%|█████████▊| 355/360 [00:36<00:00, 11.68it/s]
Animation 1: _MethodAnimation(ValueTracker):  99%|█████████▉| 357/360 [00:36<00:00, 10.97it/s]
Animation 1: _MethodAnimation(ValueTracker): 100%|█████████▉| 359/360 [00:36<00:00,  9.98it/s]
                                                                                              
