Warning: grid volume is not an integer number of pixels; cell size will be rounded to nearest pixel.
-----------
Initializing structure...
Halving computational cell along direction z
time for choose_chunkdivision = 0.00133491 s
Working in 3D dimensions.
Computational cell is 76.6 x 4.16 x 3.04 with resolution 25
     block, center = (0,-0.325,0)
          size (1e+20,0.5,0.22)
          axes (1,0,0), (0,1,0), (0,0,1)
          dielectric constant epsilon diagonal = (12.2537,12.2537,12.2537)
     block, center = (3.8,0.325,0)
          size (76.6,0.5,0.22)
          axes (1,0,0), (0,1,0), (0,0,1)
          dielectric constant epsilon diagonal = (12.2537,12.2537,12.2537)
time for set_epsilon = 12.2274 s
-----------
Warning: grid volume is not an integer number of pixels; cell size will be rounded to nearest pixel.
MPB solved for frequency_1(2.06107,0,0) = 0.778572 after 17 iters
MPB solved for frequency_1(2.00136,0,0) = 0.76338 after 17 iters
MPB solved for frequency_1(2.00128,0,0) = 0.763359 after 10 iters
MPB solved for frequency_1(2.00128,0,0) = 0.763359 after 6 iters
MPB solved for frequency_1(2.00128,0,0) = 0.763359 after 2 iters
Warning: grid volume is not an integer number of pixels; cell size will be rounded to nearest pixel.
MPB solved for frequency_1(2.06107,0,0) = 0.775456 after 18 iters
MPB solved for frequency_1(2.01352,0,0) = 0.763373 after 10 iters
MPB solved for frequency_1(2.01346,0,0) = 0.763359 after 5 iters
MPB solved for frequency_1(2.01346,0,0) = 0.763359 after 12 iters
MPB solved for frequency_1(2.01346,0,0) = 0.763359 after 1 iters
Dominant planewave for band 1: (2.013462,-0.000000,0.000000)
Warning: grid volume is not an integer number of pixels; cell size will be rounded to nearest pixel.
MPB solved for frequency_1(2.06107,0,0) = 0.774273 after 39 iters
MPB solved for frequency_1(2.01857,0,0) = 0.763365 after 10 iters
MPB solved for frequency_1(2.01855,0,0) = 0.763359 after 2 iters
MPB solved for frequency_1(2.01855,0,0) = 0.763359 after 1 iters
Dominant planewave for band 1: (2.018548,-0.000000,0.000000)
Warning: grid volume is not an integer number of pixels; cell size will be rounded to nearest pixel.
MPB solved for frequency_2(2.06107,0,0) = 0.776326 after 81 iters
MPB solved for frequency_2(2.00978,0,0) = 0.763379 after 15 iters
MPB solved for frequency_2(2.0097,0,0) = 0.763359 after 3 iters
MPB solved for frequency_2(2.0097,0,0) = 0.763359 after 2 iters
Dominant planewave for band 2: (2.009696,0.784314,0.000000)
on time step 1 (time=0.02), 41.8229 s/step
on time step 14 (time=0.28), 0.328816 s/step
on time step 28 (time=0.56), 0.298777 s/step
on time step 42 (time=0.84), 0.29606 s/step
on time step 56 (time=1.12), 0.305351 s/step
on time step 70 (time=1.4), 0.298511 s/step
on time step 83 (time=1.66), 0.316483 s/step
on time step 96 (time=1.92), 0.329011 s/step
on time step 110 (time=2.2), 0.306414 s/step
on time step 124 (time=2.48), 0.30419 s/step
on time step 137 (time=2.74), 0.312379 s/step
on time step 148 (time=2.96), 0.381464 s/step
on time step 160 (time=3.2), 0.333686 s/step
on time step 170 (time=3.4), 0.527423 s/step
on time step 179 (time=3.58), 0.479268 s/step
on time step 193 (time=3.86), 0.300036 s/step
on time step 210 (time=4.2), 0.244794 s/step
on time step 229 (time=4.58), 0.218559 s/step
on time step 247 (time=4.94), 0.227171 s/step
on time step 264 (time=5.28), 0.250325 s/step
on time step 276 (time=5.52), 0.358681 s/step
on time step 288 (time=5.76), 0.336681 s/step
on time step 303 (time=6.06), 0.267078 s/step
on time step 318 (time=6.36), 0.274824 s/step
on time step 333 (time=6.66), 0.27845 s/step
on time step 348 (time=6.96), 0.277994 s/step
on time step 363 (time=7.26), 0.270311 s/step
on time step 376 (time=7.52), 0.309685 s/step
on time step 390 (time=7.8), 0.301902 s/step
on time step 404 (time=8.08), 0.296721 s/step
on time step 418 (time=8.36), 0.295943 s/step
on time step 432 (time=8.64), 0.297166 s/step
on time step 446 (time=8.92), 0.301677 s/step
on time step 458 (time=9.16), 0.338847 s/step
on time step 468 (time=9.36), 0.425765 s/step
on time step 482 (time=9.64), 0.289401 s/step
on time step 497 (time=9.94), 0.268172 s/step
on time step 510 (time=10.2), 0.337962 s/step
on time step 525 (time=10.5), 0.277077 s/step
on time step 536 (time=10.72), 0.372845 s/step
on time step 549 (time=10.98), 0.346618 s/step
on time step 563 (time=11.26), 0.296447 s/step
on time step 574 (time=11.48), 0.366517 s/step
on time step 588 (time=11.76), 0.298406 s/step
on time step 602 (time=12.04), 0.289008 s/step
on time step 614 (time=12.28), 0.339765 s/step
on time step 629 (time=12.58), 0.282279 s/step
on time step 644 (time=12.88), 0.282656 s/step
on time step 659 (time=13.18), 0.278559 s/step
on time step 674 (time=13.48), 0.272271 s/step
on time step 688 (time=13.76), 0.294256 s/step
on time step 702 (time=14.04), 0.285721 s/step
on time step 717 (time=14.34), 0.278964 s/step
on time step 731 (time=14.62), 0.292061 s/step
on time step 746 (time=14.92), 0.282384 s/step
on time step 760 (time=15.2), 0.291333 s/step
on time step 773 (time=15.46), 0.320769 s/step
on time step 783 (time=15.66), 0.429173 s/step
on time step 798 (time=15.96), 0.280921 s/step
on time step 813 (time=16.26), 0.277716 s/step
on time step 828 (time=16.56), 0.271829 s/step
on time step 844 (time=16.88), 0.250681 s/step
on time step 862 (time=17.24), 0.226266 s/step
on time step 879 (time=17.58), 0.252006 s/step
on time step 894 (time=17.88), 0.266781 s/step
on time step 909 (time=18.18), 0.272199 s/step
on time step 924 (time=18.48), 0.277867 s/step
on time step 939 (time=18.78), 0.279932 s/step
on time step 954 (time=19.08), 0.276659 s/step
on time step 969 (time=19.38), 0.269401 s/step
on time step 987 (time=19.74), 0.225064 s/step
on time step 1005 (time=20.1), 0.223256 s/step
on time step 1024 (time=20.48), 0.214992 s/step
on time step 1043 (time=20.86), 0.213965 s/step
on time step 1062 (time=21.24), 0.216017 s/step
on time step 1077 (time=21.54), 0.277053 s/step
on time step 1093 (time=21.86), 0.258301 s/step
on time step 1107 (time=22.14), 0.312868 s/step
on time step 1122 (time=22.44), 0.279376 s/step
on time step 1137 (time=22.74), 0.271938 s/step
on time step 1151 (time=23.02), 0.297894 s/step
on time step 1167 (time=23.34), 0.257579 s/step
on time step 1186 (time=23.72), 0.214003 s/step
on time step 1204 (time=24.08), 0.223805 s/step
on time step 1221 (time=24.42), 0.235423 s/step
on time step 1240 (time=24.8), 0.212423 s/step
on time step 1258 (time=25.16), 0.243163 s/step
on time step 1272 (time=25.44), 0.292013 s/step
on time step 1291 (time=25.82), 0.220351 s/step
on time step 1310 (time=26.2), 0.218897 s/step
on time step 1329 (time=26.58), 0.217836 s/step
on time step 1348 (time=26.96), 0.212846 s/step
on time step 1367 (time=27.34), 0.220823 s/step
on time step 1386 (time=27.72), 0.215569 s/step
on time step 1404 (time=28.08), 0.230721 s/step
on time step 1421 (time=28.42), 0.241487 s/step
on time step 1438 (time=28.76), 0.247519 s/step
on time step 1456 (time=29.12), 0.225456 s/step
on time step 1472 (time=29.44), 0.250095 s/step
on time step 1490 (time=29.8), 0.231038 s/step
on time step 1506 (time=30.12), 0.259214 s/step
on time step 1522 (time=30.44), 0.255305 s/step
on time step 1540 (time=30.8), 0.230899 s/step
on time step 1558 (time=31.16), 0.224377 s/step
on time step 1573 (time=31.46), 0.267645 s/step
on time step 1591 (time=31.82), 0.22287 s/step
on time step 1609 (time=32.18), 0.229583 s/step
on time step 1627 (time=32.54), 0.222577 s/step
on time step 1646 (time=32.92), 0.213404 s/step
on time step 1664 (time=33.28), 0.225844 s/step
on time step 1678 (time=33.56), 0.305194 s/step
on time step 1694 (time=33.88), 0.26756 s/step
on time step 1709 (time=34.18), 0.266788 s/step
on time step 1724 (time=34.48), 0.270051 s/step
on time step 1739 (time=34.78), 0.269281 s/step
on time step 1754 (time=35.08), 0.28595 s/step
on time step 1772 (time=35.44), 0.227739 s/step
on time step 1790 (time=35.8), 0.222724 s/step
on time step 1810 (time=36.2), 0.206407 s/step
on time step 1828 (time=36.56), 0.223666 s/step
on time step 1845 (time=36.9), 0.255736 s/step
on time step 1861 (time=37.22), 0.256291 s/step
on time step 1875 (time=37.5), 0.312394 s/step
on time step 1887 (time=37.74), 0.338818 s/step
on time step 1900 (time=38), 0.311632 s/step
on time step 1916 (time=38.32), 0.254477 s/step
on time step 1936 (time=38.72), 0.203537 s/step
on time step 1955 (time=39.1), 0.211514 s/step
on time step 1973 (time=39.46), 0.223108 s/step
on time step 1990 (time=39.8), 0.241494 s/step
on time step 2008 (time=40.16), 0.222859 s/step
on time step 2023 (time=40.46), 0.278772 s/step
on time step 2043 (time=40.86), 0.203503 s/step
on time step 2061 (time=41.22), 0.223169 s/step
on time step 2080 (time=41.6), 0.222778 s/step
on time step 2099 (time=41.98), 0.212154 s/step
on time step 2119 (time=42.38), 0.206553 s/step
on time step 2139 (time=42.78), 0.207986 s/step
on time step 2159 (time=43.18), 0.209445 s/step
on time step 2179 (time=43.58), 0.201997 s/step
on time step 2192 (time=43.84), 0.320849 s/step
on time step 2208 (time=44.16), 0.251972 s/step
on time step 2225 (time=44.5), 0.240139 s/step
on time step 2240 (time=44.8), 0.268532 s/step
on time step 2257 (time=45.14), 0.235995 s/step
on time step 2272 (time=45.44), 0.272169 s/step
on time step 2290 (time=45.8), 0.226789 s/step
on time step 2304 (time=46.08), 0.285913 s/step
on time step 2319 (time=46.38), 0.268878 s/step
on time step 2336 (time=46.72), 0.250701 s/step
on time step 2353 (time=47.06), 0.255416 s/step
on time step 2371 (time=47.42), 0.230198 s/step
on time step 2390 (time=47.8), 0.219737 s/step
on time step 2410 (time=48.2), 0.212158 s/step
on time step 2430 (time=48.6), 0.204594 s/step
on time step 2450 (time=49), 0.212414 s/step
on time step 2470 (time=49.4), 0.209556 s/step
on time step 2490 (time=49.8), 0.208523 s/step
on time step 2509 (time=50.18), 0.210581 s/step
on time step 2528 (time=50.56), 0.211193 s/step
on time step 2548 (time=50.96), 0.207421 s/step
on time step 2567 (time=51.34), 0.212863 s/step
on time step 2587 (time=51.74), 0.209562 s/step
on time step 2607 (time=52.14), 0.213815 s/step
on time step 2627 (time=52.54), 0.208083 s/step
on time step 2646 (time=52.92), 0.214066 s/step
on time step 2666 (time=53.32), 0.205897 s/step
on time step 2686 (time=53.72), 0.214575 s/step
on time step 2705 (time=54.1), 0.21646 s/step
on time step 2724 (time=54.48), 0.231237 s/step
on time step 2742 (time=54.84), 0.230285 s/step
on time step 2762 (time=55.24), 0.20452 s/step
on time step 2780 (time=55.6), 0.22405 s/step
on time step 2800 (time=56), 0.206693 s/step
on time step 2819 (time=56.38), 0.211757 s/step
on time step 2838 (time=56.76), 0.216099 s/step
on time step 2858 (time=57.16), 0.213485 s/step
on time step 2874 (time=57.48), 0.269146 s/step
on time step 2890 (time=57.8), 0.256951 s/step
on time step 2905 (time=58.1), 0.267877 s/step
on time step 2924 (time=58.48), 0.216092 s/step
on time step 2944 (time=58.88), 0.206639 s/step
on time step 2964 (time=59.28), 0.202961 s/step
on time step 2983 (time=59.66), 0.212185 s/step
on time step 3003 (time=60.06), 0.208099 s/step
on time step 3023 (time=60.46), 0.20234 s/step
on time step 3042 (time=60.84), 0.223804 s/step
on time step 3061 (time=61.22), 0.215721 s/step
on time step 3080 (time=61.6), 0.217734 s/step
on time step 3098 (time=61.96), 0.222258 s/step
on time step 3119 (time=62.38), 0.198329 s/step
on time step 3138 (time=62.76), 0.215345 s/step
on time step 3156 (time=63.12), 0.22282 s/step
on time step 3175 (time=63.5), 0.214117 s/step
on time step 3195 (time=63.9), 0.209495 s/step
on time step 3213 (time=64.26), 0.230741 s/step
on time step 3232 (time=64.64), 0.22113 s/step
on time step 3250 (time=65), 0.223549 s/step
on time step 3270 (time=65.4), 0.202472 s/step
on time step 3290 (time=65.8), 0.21311 s/step
on time step 3309 (time=66.18), 0.211359 s/step
on time step 3327 (time=66.54), 0.230724 s/step
on time step 3342 (time=66.84), 0.289721 s/step
on time step 3355 (time=67.1), 0.321167 s/step
on time step 3367 (time=67.34), 0.352298 s/step
on time step 3382 (time=67.64), 0.278191 s/step
on time step 3400 (time=68), 0.222364 s/step
on time step 3419 (time=68.38), 0.226509 s/step
on time step 3439 (time=68.78), 0.206375 s/step
on time step 3459 (time=69.18), 0.206958 s/step
on time step 3479 (time=69.58), 0.205296 s/step
on time step 3499 (time=69.98), 0.203172 s/step
on time step 3520 (time=70.4), 0.197587 s/step
on time step 3537 (time=70.74), 0.237157 s/step
on time step 3551 (time=71.02), 0.308834 s/step
on time step 3567 (time=71.34), 0.260444 s/step
on time step 3582 (time=71.64), 0.276501 s/step
on time step 3599 (time=71.98), 0.246162 s/step
on time step 3616 (time=72.32), 0.241125 s/step
on time step 3636 (time=72.72), 0.205904 s/step
on time step 3656 (time=73.12), 0.212569 s/step
on time step 3675 (time=73.5), 0.219017 s/step
on time step 3694 (time=73.88), 0.215701 s/step
on time step 3713 (time=74.26), 0.212563 s/step
on time step 3732 (time=74.64), 0.214755 s/step
on time step 3752 (time=75.04), 0.208094 s/step
on time step 3771 (time=75.42), 0.215726 s/step
on time step 3790 (time=75.8), 0.212604 s/step
on time step 3809 (time=76.18), 0.214404 s/step
on time step 3823 (time=76.46), 0.298981 s/step
on time step 3838 (time=76.76), 0.267209 s/step
on time step 3857 (time=77.14), 0.215583 s/step
on time step 3875 (time=77.5), 0.222874 s/step
on time step 3893 (time=77.86), 0.226433 s/step
on time step 3910 (time=78.2), 0.238769 s/step
on time step 3928 (time=78.56), 0.222845 s/step
on time step 3947 (time=78.94), 0.212117 s/step
on time step 3965 (time=79.3), 0.229407 s/step
on time step 3984 (time=79.68), 0.220238 s/step
on time step 4003 (time=80.06), 0.214014 s/step
on time step 4021 (time=80.42), 0.238503 s/step
on time step 4040 (time=80.8), 0.21099 s/step
on time step 4059 (time=81.18), 0.220239 s/step
on time step 4077 (time=81.54), 0.230553 s/step
on time step 4096 (time=81.92), 0.226115 s/step
on time step 4115 (time=82.3), 0.219265 s/step
on time step 4134 (time=82.68), 0.213462 s/step
on time step 4153 (time=83.06), 0.218219 s/step
on time step 4171 (time=83.42), 0.224327 s/step
on time step 4190 (time=83.8), 0.212716 s/step
on time step 4209 (time=84.18), 0.217648 s/step
on time step 4226 (time=84.52), 0.240437 s/step
on time step 4245 (time=84.9), 0.217565 s/step
on time step 4264 (time=85.28), 0.212886 s/step
on time step 4282 (time=85.64), 0.223575 s/step
on time step 4301 (time=86.02), 0.21277 s/step
on time step 4320 (time=86.4), 0.221266 s/step
on time step 4339 (time=86.78), 0.216303 s/step
on time step 4356 (time=87.12), 0.239807 s/step
on time step 4375 (time=87.5), 0.217774 s/step
on time step 4394 (time=87.88), 0.214042 s/step
on time step 4413 (time=88.26), 0.222031 s/step
on time step 4432 (time=88.64), 0.211111 s/step
on time step 4450 (time=89), 0.226783 s/step
on time step 4469 (time=89.38), 0.218551 s/step
on time step 4488 (time=89.76), 0.213083 s/step
on time step 4504 (time=90.08), 0.253498 s/step
on time step 4523 (time=90.46), 0.214788 s/step
on time step 4542 (time=90.84), 0.221118 s/step
on time step 4561 (time=91.22), 0.218682 s/step
on time step 4580 (time=91.6), 0.215427 s/step
on time step 4599 (time=91.98), 0.217102 s/step
on time step 4618 (time=92.36), 0.216028 s/step
on time step 4637 (time=92.74), 0.214031 s/step
on time step 4655 (time=93.1), 0.225516 s/step
on time step 4672 (time=93.44), 0.243329 s/step
on time step 4690 (time=93.8), 0.22725 s/step
on time step 4709 (time=94.18), 0.224996 s/step
on time step 4727 (time=94.54), 0.226032 s/step
on time step 4746 (time=94.92), 0.2138 s/step
on time step 4765 (time=95.3), 0.216035 s/step
on time step 4784 (time=95.68), 0.216709 s/step
on time step 4803 (time=96.06), 0.2136 s/step
on time step 4822 (time=96.44), 0.214897 s/step
on time step 4841 (time=96.82), 0.211417 s/step
on time step 4860 (time=97.2), 0.215165 s/step
on time step 4879 (time=97.58), 0.213085 s/step
on time step 4898 (time=97.96), 0.218451 s/step
on time step 4917 (time=98.34), 0.221939 s/step
on time step 4936 (time=98.72), 0.216768 s/step
on time step 4955 (time=99.1), 0.221093 s/step
on time step 4974 (time=99.48), 0.220006 s/step
on time step 4993 (time=99.86), 0.219673 s/step
on time step 5011 (time=100.22), 0.223166 s/step
on time step 5031 (time=100.62), 0.207668 s/step
on time step 5049 (time=100.98), 0.225772 s/step
on time step 5069 (time=101.38), 0.208537 s/step
on time step 5085 (time=101.7), 0.26198 s/step
on time step 5104 (time=102.08), 0.218509 s/step
on time step 5122 (time=102.44), 0.228688 s/step
on time step 5141 (time=102.82), 0.216401 s/step
on time step 5160 (time=103.2), 0.220841 s/step
on time step 5179 (time=103.58), 0.217897 s/step
on time step 5198 (time=103.96), 0.218939 s/step
on time step 5217 (time=104.34), 0.215074 s/step
on time step 5236 (time=104.72), 0.217932 s/step
on time step 5255 (time=105.1), 0.213022 s/step
on time step 5274 (time=105.48), 0.218618 s/step
on time step 5293 (time=105.86), 0.212199 s/step
on time step 5312 (time=106.24), 0.215933 s/step
on time step 5331 (time=106.62), 0.214013 s/step
on time step 5350 (time=107), 0.218426 s/step
on time step 5369 (time=107.38), 0.217152 s/step
on time step 5388 (time=107.76), 0.21603 s/step
on time step 5407 (time=108.14), 0.218493 s/step
on time step 5426 (time=108.52), 0.215461 s/step
on time step 5445 (time=108.9), 0.213474 s/step
on time step 5461 (time=109.22), 0.251542 s/step
on time step 5479 (time=109.58), 0.245158 s/step
on time step 5495 (time=109.9), 0.255339 s/step
on time step 5513 (time=110.26), 0.22924 s/step
on time step 5532 (time=110.64), 0.21274 s/step
on time step 5551 (time=111.02), 0.212129 s/step
on time step 5569 (time=111.38), 0.227607 s/step
on time step 5588 (time=111.76), 0.211667 s/step
on time step 5607 (time=112.14), 0.214708 s/step
on time step 5626 (time=112.52), 0.21128 s/step
on time step 5645 (time=112.9), 0.210534 s/step
on time step 5664 (time=113.28), 0.212933 s/step
on time step 5683 (time=113.66), 0.214125 s/step
on time step 5702 (time=114.04), 0.212382 s/step
on time step 5720 (time=114.4), 0.222688 s/step
on time step 5738 (time=114.76), 0.226558 s/step
on time step 5757 (time=115.14), 0.216411 s/step
on time step 5776 (time=115.52), 0.224856 s/step
on time step 5793 (time=115.86), 0.252944 s/step
on time step 5809 (time=116.18), 0.253341 s/step
on time step 5827 (time=116.54), 0.231467 s/step
on time step 5846 (time=116.92), 0.216125 s/step
on time step 5865 (time=117.3), 0.216348 s/step
on time step 5884 (time=117.68), 0.21832 s/step
on time step 5903 (time=118.06), 0.215075 s/step
on time step 5922 (time=118.44), 0.220743 s/step
on time step 5940 (time=118.8), 0.226235 s/step
on time step 5959 (time=119.18), 0.217982 s/step
on time step 5978 (time=119.56), 0.221703 s/step
on time step 5997 (time=119.94), 0.211407 s/step
on time step 6016 (time=120.32), 0.21436 s/step
on time step 6035 (time=120.7), 0.219499 s/step
on time step 6054 (time=121.08), 0.217233 s/step
on time step 6073 (time=121.46), 0.216622 s/step
on time step 6091 (time=121.82), 0.222713 s/step
on time step 6109 (time=122.18), 0.227249 s/step
on time step 6126 (time=122.52), 0.242193 s/step
on time step 6143 (time=122.86), 0.237137 s/step
on time step 6161 (time=123.22), 0.223641 s/step
on time step 6180 (time=123.6), 0.218421 s/step
on time step 6197 (time=123.94), 0.236412 s/step
on time step 6216 (time=124.32), 0.214562 s/step
on time step 6235 (time=124.7), 0.216988 s/step
on time step 6255 (time=125.1), 0.216391 s/step
on time step 6274 (time=125.48), 0.217711 s/step
on time step 6293 (time=125.86), 0.218539 s/step
on time step 6312 (time=126.24), 0.214166 s/step
on time step 6331 (time=126.62), 0.215497 s/step
on time step 6351 (time=127.02), 0.207631 s/step
on time step 6369 (time=127.38), 0.222881 s/step
on time step 6388 (time=127.76), 0.213212 s/step
on time step 6407 (time=128.14), 0.223912 s/step
on time step 6426 (time=128.52), 0.216081 s/step
on time step 6446 (time=128.92), 0.209657 s/step
on time step 6465 (time=129.3), 0.213402 s/step
on time step 6484 (time=129.68), 0.216859 s/step
on time step 6504 (time=130.08), 0.207139 s/step
on time step 6522 (time=130.44), 0.227785 s/step
on time step 6541 (time=130.82), 0.21154 s/step
on time step 6561 (time=131.22), 0.213191 s/step
on time step 6578 (time=131.56), 0.242072 s/step
on time step 6597 (time=131.94), 0.217472 s/step
on time step 6615 (time=132.3), 0.228122 s/step
on time step 6634 (time=132.68), 0.21583 s/step
on time step 6653 (time=133.06), 0.213398 s/step
on time step 6671 (time=133.42), 0.228232 s/step
on time step 6690 (time=133.8), 0.215255 s/step
on time step 6709 (time=134.18), 0.21687 s/step
on time step 6728 (time=134.56), 0.215622 s/step
on time step 6747 (time=134.94), 0.212295 s/step
on time step 6766 (time=135.32), 0.219603 s/step
on time step 6785 (time=135.7), 0.21389 s/step
on time step 6804 (time=136.08), 0.222185 s/step
on time step 6823 (time=136.46), 0.213537 s/step
on time step 6843 (time=136.86), 0.207198 s/step
on time step 6863 (time=137.26), 0.206392 s/step
on time step 6881 (time=137.62), 0.225306 s/step
on time step 6897 (time=137.94), 0.250168 s/step
on time step 6916 (time=138.32), 0.213619 s/step
on time step 6935 (time=138.7), 0.217511 s/step
on time step 6955 (time=139.1), 0.211782 s/step
on time step 6974 (time=139.48), 0.217167 s/step
on time step 6994 (time=139.88), 0.20634 s/step
on time step 7013 (time=140.26), 0.210721 s/step
on time step 7031 (time=140.62), 0.225428 s/step
on time step 7051 (time=141.02), 0.205505 s/step
on time step 7070 (time=141.4), 0.213568 s/step
on time step 7090 (time=141.8), 0.214599 s/step
on time step 7109 (time=142.18), 0.219877 s/step
on time step 7128 (time=142.56), 0.210875 s/step
on time step 7147 (time=142.94), 0.216271 s/step
on time step 7166 (time=143.32), 0.216335 s/step
on time step 7185 (time=143.7), 0.214116 s/step
on time step 7204 (time=144.08), 0.215019 s/step
on time step 7223 (time=144.46), 0.215111 s/step
on time step 7242 (time=144.84), 0.214131 s/step
on time step 7261 (time=145.22), 0.211247 s/step
on time step 7279 (time=145.58), 0.234004 s/step
on time step 7298 (time=145.96), 0.222439 s/step
on time step 7317 (time=146.34), 0.21666 s/step
on time step 7334 (time=146.68), 0.238031 s/step
on time step 7353 (time=147.06), 0.212106 s/step
on time step 7372 (time=147.44), 0.214768 s/step
on time step 7391 (time=147.82), 0.213752 s/step
on time step 7406 (time=148.12), 0.277804 s/step
on time step 7423 (time=148.46), 0.247504 s/step
on time step 7441 (time=148.82), 0.230822 s/step
on time step 7461 (time=149.22), 0.210939 s/step
on time step 7477 (time=149.54), 0.26164 s/step
on time step 7490 (time=149.8), 0.314837 s/step
on time step 7504 (time=150.08), 0.299193 s/step
on time step 7517 (time=150.34), 0.308206 s/step
on time step 7527 (time=150.54), 0.415755 s/step
on time step 7538 (time=150.76), 0.378922 s/step
on time step 7551 (time=151.02), 0.320798 s/step
on time step 7565 (time=151.3), 0.300313 s/step
on time step 7579 (time=151.58), 0.30366 s/step
on time step 7593 (time=151.86), 0.303687 s/step
on time step 7607 (time=152.14), 0.306344 s/step
on time step 7620 (time=152.4), 0.316146 s/step
on time step 7634 (time=152.68), 0.300825 s/step
on time step 7648 (time=152.96), 0.298549 s/step
on time step 7662 (time=153.24), 0.308683 s/step
on time step 7675 (time=153.5), 0.310791 s/step
on time step 7689 (time=153.78), 0.300442 s/step
on time step 7703 (time=154.06), 0.302068 s/step
on time step 7716 (time=154.32), 0.309486 s/step
on time step 7729 (time=154.58), 0.319418 s/step
on time step 7742 (time=154.84), 0.318886 s/step
on time step 7755 (time=155.1), 0.319909 s/step
on time step 7766 (time=155.32), 0.368429 s/step
on time step 7779 (time=155.58), 0.310698 s/step
on time step 7794 (time=155.88), 0.273479 s/step
on time step 7810 (time=156.2), 0.26074 s/step
on time step 7825 (time=156.5), 0.266774 s/step
on time step 7841 (time=156.82), 0.2596 s/step
on time step 7857 (time=157.14), 0.25411 s/step
on time step 7872 (time=157.44), 0.275674 s/step
on time step 7888 (time=157.76), 0.256591 s/step
on time step 7903 (time=158.06), 0.277461 s/step
on time step 7918 (time=158.36), 0.266883 s/step
on time step 7933 (time=158.66), 0.270811 s/step
on time step 7946 (time=158.92), 0.311758 s/step
on time step 7961 (time=159.22), 0.281522 s/step
on time step 7976 (time=159.52), 0.278283 s/step
on time step 7992 (time=159.84), 0.257596 s/step
on time step 8009 (time=160.18), 0.249628 s/step
on time step 8024 (time=160.48), 0.277521 s/step
on time step 8037 (time=160.74), 0.311391 s/step
on time step 8051 (time=161.02), 0.289115 s/step
on time step 8067 (time=161.34), 0.266252 s/step
on time step 8082 (time=161.64), 0.272094 s/step
on time step 8097 (time=161.94), 0.279695 s/step
on time step 8113 (time=162.26), 0.263833 s/step
on time step 8129 (time=162.58), 0.251454 s/step
on time step 8145 (time=162.9), 0.256698 s/step
on time step 8161 (time=163.22), 0.257919 s/step
on time step 8177 (time=163.54), 0.255378 s/step
on time step 8192 (time=163.84), 0.269138 s/step
on time step 8208 (time=164.16), 0.253795 s/step
on time step 8224 (time=164.48), 0.256823 s/step
on time step 8240 (time=164.8), 0.253299 s/step
on time step 8256 (time=165.12), 0.253103 s/step
on time step 8272 (time=165.44), 0.259109 s/step
on time step 8288 (time=165.76), 0.252089 s/step
on time step 8304 (time=166.08), 0.257597 s/step
on time step 8321 (time=166.42), 0.247487 s/step
on time step 8337 (time=166.74), 0.260921 s/step
on time step 8353 (time=167.06), 0.258677 s/step
on time step 8369 (time=167.38), 0.253116 s/step
on time step 8385 (time=167.7), 0.256422 s/step
on time step 8401 (time=168.02), 0.254359 s/step
on time step 8416 (time=168.32), 0.267889 s/step
on time step 8432 (time=168.64), 0.258702 s/step
on time step 8448 (time=168.96), 0.262005 s/step
on time step 8464 (time=169.28), 0.26527 s/step
on time step 8480 (time=169.6), 0.266229 s/step
on time step 8495 (time=169.9), 0.279204 s/step
on time step 8511 (time=170.22), 0.267233 s/step
on time step 8527 (time=170.54), 0.255221 s/step
on time step 8543 (time=170.86), 0.255338 s/step
on time step 8558 (time=171.16), 0.273078 s/step
on time step 8572 (time=171.44), 0.294625 s/step
on time step 8588 (time=171.76), 0.255565 s/step
on time step 8605 (time=172.1), 0.247577 s/step
on time step 8621 (time=172.42), 0.25403 s/step
on time step 8638 (time=172.76), 0.25408 s/step
on time step 8653 (time=173.06), 0.271637 s/step
on time step 8667 (time=173.34), 0.290848 s/step
on time step 8680 (time=173.6), 0.320923 s/step
on time step 8691 (time=173.82), 0.437519 s/step
on time step 8695 (time=173.9), 1.48413 s/step
on time step 8702 (time=174.04), 0.593343 s/step
on time step 8718 (time=174.36), 0.302696 s/step
on time step 8726 (time=174.52), 0.545287 s/step
on time step 8734 (time=174.68), 0.505063 s/step
on time step 8746 (time=174.92), 0.352917 s/step
on time step 8763 (time=175.26), 0.243223 s/step
on time step 8780 (time=175.6), 0.249674 s/step
on time step 8795 (time=175.9), 0.27291 s/step
on time step 8809 (time=176.18), 0.295883 s/step
on time step 8822 (time=176.44), 0.326652 s/step
on time step 8833 (time=176.66), 0.373194 s/step
on time step 8846 (time=176.92), 0.332049 s/step
on time step 8865 (time=177.3), 0.214102 s/step
on time step 8884 (time=177.68), 0.216984 s/step
on time step 8901 (time=178.02), 0.252714 s/step
on time step 8920 (time=178.4), 0.218146 s/step
on time step 8940 (time=178.8), 0.202522 s/step
on time step 8960 (time=179.2), 0.203317 s/step
on time step 8980 (time=179.6), 0.211625 s/step
on time step 9000 (time=180), 0.201363 s/step
on time step 9020 (time=180.4), 0.203459 s/step
on time step 9040 (time=180.8), 0.20076 s/step
on time step 9060 (time=181.2), 0.203512 s/step
on time step 9080 (time=181.6), 0.204756 s/step
on time step 9101 (time=182.02), 0.197177 s/step
on time step 9120 (time=182.4), 0.220726 s/step
on time step 9127 (time=182.54), 0.716696 s/step
on time step 9132 (time=182.64), 0.932581 s/step
on time step 9138 (time=182.76), 0.726011 s/step
on time step 9152 (time=183.04), 0.290498 s/step
on time step 9168 (time=183.36), 0.25017 s/step
on time step 9185 (time=183.7), 0.251597 s/step
on time step 9199 (time=183.98), 0.287302 s/step
on time step 9215 (time=184.3), 0.257003 s/step
on time step 9225 (time=184.5), 0.435579 s/step
on time step 9231 (time=184.62), 0.709943 s/step
on time step 9243 (time=184.86), 0.385828 s/step
on time step 9258 (time=185.16), 0.275387 s/step
on time step 9275 (time=185.5), 0.242453 s/step
on time step 9292 (time=185.84), 0.235687 s/step
on time step 9309 (time=186.18), 0.236918 s/step
on time step 9326 (time=186.52), 0.239806 s/step
on time step 9340 (time=186.8), 0.307592 s/step
on time step 9358 (time=187.16), 0.234794 s/step
on time step 9370 (time=187.4), 0.338468 s/step
on time step 9384 (time=187.68), 0.297303 s/step
on time step 9401 (time=188.02), 0.240969 s/step
on time step 9417 (time=188.34), 0.257236 s/step
on time step 9433 (time=188.66), 0.252316 s/step
on time step 9447 (time=188.94), 0.333079 s/step
on time step 9451 (time=189.02), 1.32398 s/step
on time step 9454 (time=189.08), 1.37326 s/step
on time step 9458 (time=189.16), 1.14845 s/step
on time step 9475 (time=189.5), 0.243196 s/step
on time step 9492 (time=189.84), 0.246247 s/step
on time step 9509 (time=190.18), 0.235686 s/step
on time step 9526 (time=190.52), 0.254079 s/step
on time step 9543 (time=190.86), 0.244203 s/step
on time step 9560 (time=191.2), 0.239021 s/step
on time step 9576 (time=191.52), 0.250051 s/step
on time step 9589 (time=191.78), 0.312885 s/step
on time step 9605 (time=192.1), 0.254593 s/step
on time step 9621 (time=192.42), 0.258564 s/step
on time step 9638 (time=192.76), 0.241587 s/step
on time step 9655 (time=193.1), 0.251864 s/step
on time step 9664 (time=193.28), 0.47 s/step
on time step 9672 (time=193.44), 0.527181 s/step
on time step 9679 (time=193.58), 0.588166 s/step
on time step 9690 (time=193.8), 0.373303 s/step
on time step 9707 (time=194.14), 0.237913 s/step
on time step 9723 (time=194.46), 0.269599 s/step
on time step 9739 (time=194.78), 0.25783 s/step
on time step 9756 (time=195.12), 0.238377 s/step
on time step 9773 (time=195.46), 0.237782 s/step
on time step 9789 (time=195.78), 0.25147 s/step
on time step 9805 (time=196.1), 0.250157 s/step
on time step 9822 (time=196.44), 0.240288 s/step
on time step 9839 (time=196.78), 0.240159 s/step
on time step 9857 (time=197.14), 0.23002 s/step
on time step 9874 (time=197.48), 0.241311 s/step
on time step 9892 (time=197.84), 0.239401 s/step
on time step 9909 (time=198.18), 0.268814 s/step
on time step 9914 (time=198.28), 0.893972 s/step
on time step 9921 (time=198.42), 0.625012 s/step
on time step 9933 (time=198.66), 0.34549 s/step
on time step 9946 (time=198.92), 0.311163 s/step
on time step 9957 (time=199.14), 0.369695 s/step
on time step 9974 (time=199.48), 0.24263 s/step
on time step 9990 (time=199.8), 0.273883 s/step
on time step 10007 (time=200.14), 0.240821 s/step
on time step 10024 (time=200.48), 0.246268 s/step
on time step 10040 (time=200.8), 0.254949 s/step
on time step 10054 (time=201.08), 0.300868 s/step
on time step 10071 (time=201.42), 0.256065 s/step
on time step 10081 (time=201.62), 0.409205 s/step
on time step 10088 (time=201.76), 0.611541 s/step
on time step 10095 (time=201.9), 0.572097 s/step
on time step 10109 (time=202.18), 0.293883 s/step
on time step 10113 (time=202.26), 1.02896 s/step
on time step 10125 (time=202.5), 0.444728 s/step
on time step 10139 (time=202.78), 0.295589 s/step
on time step 10142 (time=202.84), 1.76148 s/step
on time step 10151 (time=203.02), 0.445756 s/step
on time step 10165 (time=203.3), 0.296063 s/step
on time step 10176 (time=203.52), 0.365633 s/step
on time step 10191 (time=203.82), 0.267175 s/step
on time step 10200 (time=204), 0.490116 s/step
on time step 10214 (time=204.28), 0.312616 s/step
on time step 10225 (time=204.5), 0.390177 s/step
on time step 10234 (time=204.68), 0.479561 s/step
on time step 10250 (time=205), 0.263661 s/step
on time step 10266 (time=205.32), 0.254944 s/step
on time step 10283 (time=205.66), 0.240491 s/step
on time step 10295 (time=205.9), 0.336996 s/step
on time step 10298 (time=205.96), 1.39752 s/step
on time step 10305 (time=206.1), 0.576898 s/step
on time step 10312 (time=206.24), 0.686204 s/step
on time step 10321 (time=206.42), 0.457342 s/step
on time step 10340 (time=206.8), 0.213872 s/step
on time step 10361 (time=207.22), 0.200472 s/step
on time step 10378 (time=207.56), 0.2356 s/step
on time step 10399 (time=207.98), 0.196931 s/step
on time step 10411 (time=208.22), 0.347208 s/step
on time step 10423 (time=208.46), 0.338583 s/step
on time step 10431 (time=208.62), 0.507097 s/step
on time step 10443 (time=208.86), 0.352543 s/step
on time step 10453 (time=209.06), 0.475451 s/step
on time step 10466 (time=209.32), 0.324478 s/step
on time step 10471 (time=209.42), 0.826567 s/step
on time step 10479 (time=209.58), 0.589488 s/step
on time step 10492 (time=209.84), 0.30995 s/step
on time step 10496 (time=209.92), 1.21029 s/step
on time step 10504 (time=210.08), 0.514663 s/step
on time step 10514 (time=210.28), 0.415175 s/step
on time step 10520 (time=210.4), 0.761196 s/step
on time step 10537 (time=210.74), 0.245871 s/step
on time step 10553 (time=211.06), 0.255714 s/step
on time step 10565 (time=211.3), 0.340024 s/step
on time step 10576 (time=211.52), 0.369156 s/step
on time step 10592 (time=211.84), 0.254477 s/step
on time step 10610 (time=212.2), 0.229119 s/step
on time step 10627 (time=212.54), 0.251524 s/step
on time step 10643 (time=212.86), 0.260322 s/step
on time step 10661 (time=213.22), 0.230004 s/step
on time step 10676 (time=213.52), 0.268867 s/step
on time step 10694 (time=213.88), 0.23015 s/step
on time step 10706 (time=214.12), 0.335155 s/step
on time step 10723 (time=214.46), 0.236233 s/step
on time step 10740 (time=214.8), 0.238286 s/step
on time step 10757 (time=215.14), 0.23943 s/step
on time step 10773 (time=215.46), 0.256019 s/step
on time step 10791 (time=215.82), 0.238935 s/step
on time step 10809 (time=216.18), 0.240786 s/step
on time step 10822 (time=216.44), 0.309324 s/step
on time step 10833 (time=216.66), 0.37728 s/step
on time step 10849 (time=216.98), 0.250156 s/step
on time step 10865 (time=217.3), 0.254356 s/step
on time step 10882 (time=217.64), 0.241485 s/step
on time step 10899 (time=217.98), 0.246 s/step
on time step 10916 (time=218.32), 0.242714 s/step
on time step 10932 (time=218.64), 0.253975 s/step
on time step 10948 (time=218.96), 0.255645 s/step
on time step 10965 (time=219.3), 0.238113 s/step
on time step 10982 (time=219.64), 0.239003 s/step
on time step 11000 (time=220), 0.23189 s/step
on time step 11014 (time=220.28), 0.290313 s/step
on time step 11028 (time=220.56), 0.296272 s/step
on time step 11045 (time=220.9), 0.237205 s/step
on time step 11060 (time=221.2), 0.283472 s/step
on time step 11068 (time=221.36), 0.667796 s/step
on time step 11079 (time=221.58), 0.476737 s/step
on time step 11084 (time=221.68), 0.950946 s/step
on time step 11099 (time=221.98), 0.27349 s/step
on time step 11113 (time=222.26), 0.288629 s/step
on time step 11129 (time=222.58), 0.25561 s/step
on time step 11146 (time=222.92), 0.264834 s/step
on time step 11163 (time=223.26), 0.244662 s/step
on time step 11179 (time=223.58), 0.26057 s/step
on time step 11196 (time=223.92), 0.244489 s/step
on time step 11211 (time=224.22), 0.271665 s/step
on time step 11228 (time=224.56), 0.240166 s/step
on time step 11245 (time=224.9), 0.237663 s/step
on time step 11259 (time=225.18), 0.298267 s/step
on time step 11276 (time=225.52), 0.247106 s/step
on time step 11291 (time=225.82), 0.272016 s/step
on time step 11307 (time=226.14), 0.260239 s/step
on time step 11323 (time=226.46), 0.261136 s/step
on time step 11340 (time=226.8), 0.244427 s/step
on time step 11355 (time=227.1), 0.2812 s/step
on time step 11372 (time=227.44), 0.248403 s/step
on time step 11389 (time=227.78), 0.248829 s/step
on time step 11404 (time=228.08), 0.279263 s/step
on time step 11420 (time=228.4), 0.272595 s/step
on time step 11437 (time=228.74), 0.249968 s/step
on time step 11452 (time=229.04), 0.26831 s/step
on time step 11468 (time=229.36), 0.271537 s/step
on time step 11481 (time=229.62), 0.322594 s/step
on time step 11498 (time=229.96), 0.247375 s/step
on time step 11515 (time=230.3), 0.23846 s/step
on time step 11529 (time=230.58), 0.306259 s/step
on time step 11542 (time=230.84), 0.316044 s/step
on time step 11559 (time=231.18), 0.244962 s/step
on time step 11575 (time=231.5), 0.258449 s/step
on time step 11589 (time=231.78), 0.308692 s/step
on time step 11604 (time=232.08), 0.276737 s/step
on time step 11621 (time=232.42), 0.236276 s/step
on time step 11637 (time=232.74), 0.254374 s/step
on time step 11653 (time=233.06), 0.252953 s/step
on time step 11670 (time=233.4), 0.23763 s/step
on time step 11687 (time=233.74), 0.238593 s/step
on time step 11702 (time=234.04), 0.269785 s/step
on time step 11718 (time=234.36), 0.255418 s/step
on time step 11735 (time=234.7), 0.238289 s/step
on time step 11749 (time=234.98), 0.346543 s/step
on time step 11754 (time=235.08), 0.812766 s/step
on time step 11760 (time=235.2), 0.687102 s/step
on time step 11764 (time=235.28), 1.01547 s/step
on time step 11766 (time=235.32), 2.00105 s/step
on time step 11772 (time=235.44), 1.13408 s/step
on time step 11786 (time=235.72), 0.336127 s/step
on time step 11791 (time=235.82), 0.854006 s/step
on time step 11804 (time=236.08), 0.323177 s/step
on time step 11821 (time=236.42), 0.235608 s/step
on time step 11835 (time=236.7), 0.318748 s/step
on time step 11844 (time=236.88), 0.483109 s/step
on time step 11847 (time=236.94), 1.36756 s/step
on time step 11854 (time=237.08), 0.656526 s/step
on time step 11868 (time=237.36), 0.285872 s/step
on time step 11884 (time=237.68), 0.255207 s/step
on time step 11893 (time=237.86), 0.455749 s/step
on time step 11896 (time=237.92), 1.40634 s/step
on time step 11899 (time=237.98), 1.39647 s/step
on time step 11905 (time=238.1), 0.785334 s/step
on time step 11910 (time=238.2), 0.829673 s/step
on time step 11922 (time=238.44), 0.367065 s/step
on time step 11937 (time=238.74), 0.278335 s/step
on time step 11951 (time=239.02), 0.292222 s/step
on time step 11966 (time=239.32), 0.273867 s/step
on time step 11983 (time=239.66), 0.239403 s/step
on time step 12000 (time=240), 0.32741 s/step
on time step 12006 (time=240.12), 1.05568 s/step
on time step 12011 (time=240.22), 0.829674 s/step
on time step 12023 (time=240.46), 0.336461 s/step
on time step 12040 (time=240.8), 0.262465 s/step
on time step 12057 (time=241.14), 0.242659 s/step
on time step 12076 (time=241.52), 0.21444 s/step
on time step 12095 (time=241.9), 0.217208 s/step
on time step 12113 (time=242.26), 0.224146 s/step
on time step 12132 (time=242.64), 0.217538 s/step
on time step 12151 (time=243.02), 0.214271 s/step
on time step 12170 (time=243.4), 0.212625 s/step
on time step 12189 (time=243.78), 0.217332 s/step
on time step 12208 (time=244.16), 0.217206 s/step
on time step 12227 (time=244.54), 0.219809 s/step
on time step 12246 (time=244.92), 0.219389 s/step
on time step 12264 (time=245.28), 0.231814 s/step
on time step 12283 (time=245.66), 0.214547 s/step
on time step 12302 (time=246.04), 0.212714 s/step
on time step 12319 (time=246.38), 0.237885 s/step
on time step 12334 (time=246.68), 0.276498 s/step
on time step 12353 (time=247.06), 0.216233 s/step
on time step 12371 (time=247.42), 0.235703 s/step
on time step 12389 (time=247.78), 0.22975 s/step
on time step 12408 (time=248.16), 0.21929 s/step
on time step 12424 (time=248.48), 0.258471 s/step
on time step 12439 (time=248.78), 0.280812 s/step
on time step 12456 (time=249.12), 0.250396 s/step
on time step 12475 (time=249.5), 0.214686 s/step
on time step 12494 (time=249.88), 0.218518 s/step
on time step 12507 (time=250.14), 0.309548 s/step
on time step 12515 (time=250.3), 0.525466 s/step
on time step 12523 (time=250.46), 0.62707 s/step
on time step 12529 (time=250.58), 0.824983 s/step
on time step 12544 (time=250.88), 0.272228 s/step
on time step 12563 (time=251.26), 0.21677 s/step
on time step 12582 (time=251.64), 0.218708 s/step
on time step 12601 (time=252.02), 0.219708 s/step
on time step 12622 (time=252.44), 0.199131 s/step
on time step 12637 (time=252.74), 0.28858 s/step
on time step 12657 (time=253.14), 0.213383 s/step
on time step 12677 (time=253.54), 0.201539 s/step
on time step 12695 (time=253.9), 0.231741 s/step
on time step 12716 (time=254.32), 0.196264 s/step
on time step 12735 (time=254.7), 0.214705 s/step
on time step 12754 (time=255.08), 0.211549 s/step
on time step 12774 (time=255.48), 0.206164 s/step
on time step 12792 (time=255.84), 0.23163 s/step
on time step 12811 (time=256.22), 0.222271 s/step
on time step 12828 (time=256.56), 0.23932 s/step
on time step 12845 (time=256.9), 0.250472 s/step
on time step 12865 (time=257.3), 0.208017 s/step
on time step 12883 (time=257.66), 0.233895 s/step
on time step 12901 (time=258.02), 0.223407 s/step
on time step 12922 (time=258.44), 0.197554 s/step
on time step 12942 (time=258.84), 0.200231 s/step
on time step 12960 (time=259.2), 0.222824 s/step
on time step 12981 (time=259.62), 0.196919 s/step
on time step 12998 (time=259.96), 0.235659 s/step
on time step 13016 (time=260.32), 0.241172 s/step
on time step 13036 (time=260.72), 0.209452 s/step
on time step 13056 (time=261.12), 0.203462 s/step
on time step 13077 (time=261.54), 0.196001 s/step
on time step 13096 (time=261.92), 0.218049 s/step
on time step 13114 (time=262.28), 0.227242 s/step
on time step 13135 (time=262.7), 0.193633 s/step
on time step 13154 (time=263.08), 0.213307 s/step
on time step 13173 (time=263.46), 0.226779 s/step
on time step 13193 (time=263.86), 0.208871 s/step
on time step 13213 (time=264.26), 0.202899 s/step
on time step 13232 (time=264.64), 0.211194 s/step
on time step 13253 (time=265.06), 0.19527 s/step
on time step 13274 (time=265.48), 0.196026 s/step
on time step 13293 (time=265.86), 0.211641 s/step
on time step 13313 (time=266.26), 0.206568 s/step
on time step 13333 (time=266.66), 0.201781 s/step
on time step 13345 (time=266.9), 0.356971 s/step
on time step 13361 (time=267.22), 0.256214 s/step
on time step 13368 (time=267.36), 0.638882 s/step
on time step 13371 (time=267.42), 1.35197 s/step
on time step 13381 (time=267.62), 0.465839 s/step
on time step 13389 (time=267.78), 0.519702 s/step
on time step 13398 (time=267.96), 0.516933 s/step
on time step 13412 (time=268.24), 0.296553 s/step
on time step 13427 (time=268.54), 0.270731 s/step
on time step 13437 (time=268.74), 0.403597 s/step
on time step 13440 (time=268.8), 1.4313 s/step
on time step 13455 (time=269.1), 0.299571 s/step
on time step 13468 (time=269.36), 0.313568 s/step
on time step 13484 (time=269.68), 0.25896 s/step
on time step 13497 (time=269.94), 0.312714 s/step
on time step 13512 (time=270.24), 0.27862 s/step
on time step 13530 (time=270.6), 0.225768 s/step
on time step 13545 (time=270.9), 0.268156 s/step
on time step 13562 (time=271.24), 0.256458 s/step
on time step 13579 (time=271.58), 0.235904 s/step
on time step 13596 (time=271.92), 0.235521 s/step
on time step 13613 (time=272.26), 0.240349 s/step
on time step 13628 (time=272.56), 0.277996 s/step
on time step 13641 (time=272.82), 0.541262 s/step
on time step 13646 (time=272.92), 0.814155 s/step
on time step 13653 (time=273.06), 0.650064 s/step
on time step 13663 (time=273.26), 0.40006 s/step
on time step 13676 (time=273.52), 0.326362 s/step
on time step 13686 (time=273.72), 0.774184 s/step
on time step 13691 (time=273.82), 0.890839 s/step
on time step 13698 (time=273.96), 0.61079 s/step
on time step 13706 (time=274.12), 0.55059 s/step
on time step 13713 (time=274.26), 0.572346 s/step
on time step 13723 (time=274.46), 0.408118 s/step
on time step 13734 (time=274.68), 0.402833 s/step
on time step 13742 (time=274.84), 0.510245 s/step
on time step 13756 (time=275.12), 0.299376 s/step
on time step 13773 (time=275.46), 0.249922 s/step
on time step 13782 (time=275.64), 0.503422 s/step
on time step 13784 (time=275.68), 2.5794 s/step
on time step 13787 (time=275.74), 1.82831 s/step
on time step 13794 (time=275.88), 0.582068 s/step
on time step 13810 (time=276.2), 0.2576 s/step
on time step 13826 (time=276.52), 0.271955 s/step
on time step 13843 (time=276.86), 0.243744 s/step
on time step 13859 (time=277.18), 0.255714 s/step
on time step 13876 (time=277.52), 0.239963 s/step
on time step 13891 (time=277.82), 0.280033 s/step
on time step 13907 (time=278.14), 0.255599 s/step
on time step 13923 (time=278.46), 0.258381 s/step
on time step 13941 (time=278.82), 0.244712 s/step
on time step 13959 (time=279.18), 0.230593 s/step
on time step 13976 (time=279.52), 0.239261 s/step
on time step 13993 (time=279.86), 0.236649 s/step
on time step 14009 (time=280.18), 0.25282 s/step
on time step 14026 (time=280.52), 0.237166 s/step
on time step 14043 (time=280.86), 0.237418 s/step
on time step 14060 (time=281.2), 0.250165 s/step
on time step 14076 (time=281.52), 0.254428 s/step
on time step 14093 (time=281.86), 0.273122 s/step
on time step 14111 (time=282.22), 0.229972 s/step
on time step 14128 (time=282.56), 0.241235 s/step
on time step 14144 (time=282.88), 0.250148 s/step
on time step 14162 (time=283.24), 0.256174 s/step
on time step 14180 (time=283.6), 0.228496 s/step
on time step 14197 (time=283.94), 0.236046 s/step
on time step 14213 (time=284.26), 0.25106 s/step
on time step 14229 (time=284.58), 0.254171 s/step
on time step 14239 (time=284.78), 0.417675 s/step
on time step 14252 (time=285.04), 0.313458 s/step
on time step 14260 (time=285.2), 0.500467 s/step
on time step 14279 (time=285.58), 0.221661 s/step
on time step 14299 (time=285.98), 0.207038 s/step
on time step 14319 (time=286.38), 0.203528 s/step
on time step 14339 (time=286.78), 0.204167 s/step
on time step 14359 (time=287.18), 0.203404 s/step
on time step 14378 (time=287.56), 0.220971 s/step
on time step 14396 (time=287.92), 0.235485 s/step
on time step 14416 (time=288.32), 0.21057 s/step
on time step 14431 (time=288.62), 0.279674 s/step
on time step 14437 (time=288.74), 0.811573 s/step
on time step 14446 (time=288.92), 0.511546 s/step
on time step 14454 (time=289.08), 0.553244 s/step
on time step 14460 (time=289.2), 0.932909 s/step
on time step 14463 (time=289.26), 1.80897 s/step
on time step 14476 (time=289.52), 0.381784 s/step
on time step 14494 (time=289.88), 0.229848 s/step
on time step 14514 (time=290.28), 0.20692 s/step
on time step 14534 (time=290.68), 0.207891 s/step
on time step 14553 (time=291.06), 0.212116 s/step
on time step 14573 (time=291.46), 0.230935 s/step
on time step 14579 (time=291.58), 0.674578 s/step
on time step 14597 (time=291.94), 0.229614 s/step
on time step 14616 (time=292.32), 0.219969 s/step
on time step 14622 (time=292.44), 0.695806 s/step
on time step 14637 (time=292.74), 0.267205 s/step
on time step 14653 (time=293.06), 0.253755 s/step
on time step 14672 (time=293.44), 0.225327 s/step
on time step 14691 (time=293.82), 0.214185 s/step
on time step 14710 (time=294.2), 0.21689 s/step
on time step 14730 (time=294.6), 0.206853 s/step
on time step 14750 (time=295), 0.201601 s/step
on time step 14769 (time=295.38), 0.219136 s/step
on time step 14789 (time=295.78), 0.208107 s/step
on time step 14808 (time=296.16), 0.211094 s/step
on time step 14828 (time=296.56), 0.212385 s/step
on time step 14848 (time=296.96), 0.205796 s/step
on time step 14868 (time=297.36), 0.204763 s/step
on time step 14888 (time=297.76), 0.204587 s/step
on time step 14905 (time=298.1), 0.238679 s/step
on time step 14924 (time=298.48), 0.216272 s/step
on time step 14944 (time=298.88), 0.204479 s/step
on time step 14964 (time=299.28), 0.207805 s/step
on time step 14984 (time=299.68), 0.210588 s/step
on time step 15002 (time=300.04), 0.237787 s/step
on time step 15022 (time=300.44), 0.204597 s/step
on time step 15038 (time=300.76), 0.254461 s/step
on time step 15058 (time=301.16), 0.204197 s/step
on time step 15077 (time=301.54), 0.211951 s/step
on time step 15085 (time=301.7), 0.569512 s/step
on time step 15088 (time=301.76), 1.43237 s/step
on time step 15101 (time=302.02), 0.320404 s/step
on time step 15106 (time=302.12), 0.840573 s/step
on time step 15112 (time=302.24), 0.929075 s/step
on time step 15115 (time=302.3), 1.47018 s/step
on time step 15119 (time=302.38), 1.1541 s/step
on time step 15132 (time=302.64), 0.324077 s/step
on time step 15148 (time=302.96), 0.263548 s/step
on time step 15163 (time=303.26), 0.2705 s/step
on time step 15176 (time=303.52), 0.352168 s/step
on time step 15190 (time=303.8), 0.288023 s/step
on time step 15200 (time=304), 0.609093 s/step
on time step 15203 (time=304.06), 1.35188 s/step
on time step 15207 (time=304.14), 1.31025 s/step
on time step 15210 (time=304.2), 1.53672 s/step
on time step 15224 (time=304.48), 0.28813 s/step
on time step 15242 (time=304.84), 0.231155 s/step
on time step 15259 (time=305.18), 0.235919 s/step
on time step 15280 (time=305.6), 0.197463 s/step
on time step 15301 (time=306.02), 0.205484 s/step
on time step 15322 (time=306.44), 0.197613 s/step
on time step 15341 (time=306.82), 0.218608 s/step
on time step 15360 (time=307.2), 0.212132 s/step
on time step 15380 (time=307.6), 0.200233 s/step
on time step 15398 (time=307.96), 0.223215 s/step
on time step 15418 (time=308.36), 0.200615 s/step
on time step 15439 (time=308.78), 0.19654 s/step
on time step 15459 (time=309.18), 0.200259 s/step
on time step 15480 (time=309.6), 0.19713 s/step
on time step 15500 (time=310), 0.203698 s/step
on time step 15521 (time=310.42), 0.205933 s/step
on time step 15540 (time=310.8), 0.211317 s/step
on time step 15557 (time=311.14), 0.236365 s/step
on time step 15578 (time=311.56), 0.197944 s/step
on time step 15599 (time=311.98), 0.195893 s/step
on time step 15618 (time=312.36), 0.217184 s/step
on time step 15638 (time=312.76), 0.20278 s/step
on time step 15658 (time=313.16), 0.206602 s/step
on time step 15679 (time=313.58), 0.194368 s/step
on time step 15700 (time=314), 0.197657 s/step
on time step 15721 (time=314.42), 0.199398 s/step
on time step 15740 (time=314.8), 0.211095 s/step
on time step 15759 (time=315.18), 0.218661 s/step
on time step 15778 (time=315.56), 0.214267 s/step
on time step 15795 (time=315.9), 0.236858 s/step
on time step 15812 (time=316.24), 0.257984 s/step
on time step 15819 (time=316.38), 0.742326 s/step
on time step 15826 (time=316.52), 0.647683 s/step
on time step 15833 (time=316.66), 0.585155 s/step
on time step 15850 (time=317), 0.258037 s/step
on time step 15858 (time=317.16), 0.526262 s/step
on time step 15860 (time=317.2), 2.56171 s/step
on time step 15864 (time=317.28), 1.18094 s/step
on time step 15874 (time=317.48), 0.409611 s/step
on time step 15888 (time=317.76), 0.287307 s/step
on time step 15905 (time=318.1), 0.245357 s/step
on time step 15918 (time=318.36), 0.334884 s/step
on time step 15932 (time=318.64), 0.357392 s/step
on time step 15937 (time=318.74), 0.97543 s/step
on time step 15943 (time=318.86), 0.919464 s/step
on time step 15948 (time=318.96), 0.882915 s/step
on time step 15952 (time=319.04), 1.2695 s/step
on time step 15959 (time=319.18), 0.641766 s/step
on time step 15967 (time=319.34), 0.550024 s/step
on time step 15975 (time=319.5), 0.579741 s/step
on time step 15982 (time=319.64), 0.594611 s/step
on time step 15990 (time=319.8), 0.53848 s/step
on time step 15999 (time=319.98), 0.464603 s/step
on time step 16009 (time=320.18), 0.447615 s/step
on time step 16016 (time=320.32), 0.616525 s/step
on time step 16025 (time=320.5), 0.46394 s/step
on time step 16033 (time=320.66), 0.546027 s/step
on time step 16042 (time=320.84), 0.520569 s/step
on time step 16050 (time=321), 0.539314 s/step
on time step 16058 (time=321.16), 0.576177 s/step
on time step 16063 (time=321.26), 0.883578 s/step
on time step 16072 (time=321.44), 0.463724 s/step
on time step 16081 (time=321.62), 0.488551 s/step
on time step 16089 (time=321.78), 0.616923 s/step
on time step 16097 (time=321.94), 0.5484 s/step
on time step 16104 (time=322.08), 0.578358 s/step
on time step 16113 (time=322.26), 0.481822 s/step
on time step 16124 (time=322.48), 0.364834 s/step
on time step 16133 (time=322.66), 0.452896 s/step
on time step 16138 (time=322.76), 0.808308 s/step
on time step 16144 (time=322.88), 0.793421 s/step
on time step 16149 (time=322.98), 0.814519 s/step
on time step 16159 (time=323.18), 0.419177 s/step
on time step 16168 (time=323.36), 0.45976 s/step
on time step 16178 (time=323.56), 0.463398 s/step
on time step 16181 (time=323.62), 1.40214 s/step
on time step 16188 (time=323.76), 0.655863 s/step
on time step 16190 (time=323.8), 2.03761 s/step
on time step 16197 (time=323.94), 0.5862 s/step
on time step 16203 (time=324.06), 0.723724 s/step
on time step 16215 (time=324.3), 0.337207 s/step
on time step 16220 (time=324.4), 0.954976 s/step
on time step 16229 (time=324.58), 0.445518 s/step
on time step 16235 (time=324.7), 0.67244 s/step
on time step 16247 (time=324.94), 0.368382 s/step
on time step 16251 (time=325.02), 1.09517 s/step
on time step 16263 (time=325.26), 0.340932 s/step
on time step 16272 (time=325.44), 0.479211 s/step
on time step 16283 (time=325.66), 0.399279 s/step
on time step 16296 (time=325.92), 0.324702 s/step
on time step 16316 (time=326.32), 0.205102 s/step
on time step 16335 (time=326.7), 0.219463 s/step
on time step 16355 (time=327.1), 0.20452 s/step
on time step 16375 (time=327.5), 0.205022 s/step
on time step 16395 (time=327.9), 0.207039 s/step
on time step 16414 (time=328.28), 0.21706 s/step
on time step 16434 (time=328.68), 0.204345 s/step
on time step 16454 (time=329.08), 0.203134 s/step
on time step 16474 (time=329.48), 0.203597 s/step
on time step 16494 (time=329.88), 0.201944 s/step
on time step 16512 (time=330.24), 0.229951 s/step
on time step 16530 (time=330.6), 0.230169 s/step
on time step 16541 (time=330.82), 0.387372 s/step
on time step 16555 (time=331.1), 0.291029 s/step
on time step 16576 (time=331.52), 0.197825 s/step
on time step 16596 (time=331.92), 0.200602 s/step
on time step 16617 (time=332.34), 0.196339 s/step
on time step 16636 (time=332.72), 0.216551 s/step
on time step 16656 (time=333.12), 0.205065 s/step
on time step 16676 (time=333.52), 0.200083 s/step
on time step 16696 (time=333.92), 0.203418 s/step
on time step 16717 (time=334.34), 0.195809 s/step
on time step 16738 (time=334.76), 0.196618 s/step
on time step 16757 (time=335.14), 0.216505 s/step
on time step 16774 (time=335.48), 0.259092 s/step
on time step 16792 (time=335.84), 0.22523 s/step
on time step 16812 (time=336.24), 0.202373 s/step
on time step 16833 (time=336.66), 0.198288 s/step
on time step 16854 (time=337.08), 0.197854 s/step
on time step 16874 (time=337.48), 0.210849 s/step
on time step 16895 (time=337.9), 0.200078 s/step
on time step 16916 (time=338.32), 0.196532 s/step
on time step 16936 (time=338.72), 0.202287 s/step
on time step 16956 (time=339.12), 0.205951 s/step
on time step 16977 (time=339.54), 0.197117 s/step
on time step 16998 (time=339.96), 0.196826 s/step
on time step 17018 (time=340.36), 0.211029 s/step
on time step 17039 (time=340.78), 0.20162 s/step
on time step 17058 (time=341.16), 0.215196 s/step
on time step 17077 (time=341.54), 0.215095 s/step
on time step 17096 (time=341.92), 0.211124 s/step
on time step 17116 (time=342.32), 0.203263 s/step
on time step 17131 (time=342.62), 0.280082 s/step
on time step 17136 (time=342.72), 0.885073 s/step
on time step 17152 (time=343.04), 0.251033 s/step
on time step 17173 (time=343.46), 0.19713 s/step
on time step 17191 (time=343.82), 0.236398 s/step
on time step 17209 (time=344.18), 0.231131 s/step
on time step 17229 (time=344.58), 0.203375 s/step
on time step 17250 (time=345), 0.203124 s/step
on time step 17271 (time=345.42), 0.197942 s/step
on time step 17291 (time=345.82), 0.204423 s/step
on time step 17311 (time=346.22), 0.201666 s/step
on time step 17329 (time=346.58), 0.223071 s/step
on time step 17350 (time=347), 0.193439 s/step
on time step 17370 (time=347.4), 0.205487 s/step
on time step 17388 (time=347.76), 0.223312 s/step
on time step 17407 (time=348.14), 0.221419 s/step
on time step 17428 (time=348.56), 0.193726 s/step
on time step 17449 (time=348.98), 0.200358 s/step
on time step 17469 (time=349.38), 0.208419 s/step
on time step 17489 (time=349.78), 0.20953 s/step
on time step 17506 (time=350.12), 0.239482 s/step
on time step 17527 (time=350.54), 0.195062 s/step
on time step 17548 (time=350.96), 0.197318 s/step
on time step 17566 (time=351.32), 0.225917 s/step
on time step 17586 (time=351.72), 0.216552 s/step
on time step 17606 (time=352.12), 0.208891 s/step
on time step 17620 (time=352.4), 0.296668 s/step
on time step 17641 (time=352.82), 0.197917 s/step
on time step 17662 (time=353.24), 0.196442 s/step
on time step 17681 (time=353.62), 0.219697 s/step
on time step 17699 (time=353.98), 0.232308 s/step
on time step 17718 (time=354.36), 0.217213 s/step
on time step 17724 (time=354.48), 0.824752 s/step
on time step 17730 (time=354.6), 0.795388 s/step
on time step 17738 (time=354.76), 0.501742 s/step
on time step 17756 (time=355.12), 0.234219 s/step
on time step 17770 (time=355.4), 0.289151 s/step
on time step 17787 (time=355.74), 0.242789 s/step
on time step 17805 (time=356.1), 0.22723 s/step
on time step 17824 (time=356.48), 0.223518 s/step
on time step 17842 (time=356.84), 0.228178 s/step
on time step 17859 (time=357.18), 0.249739 s/step
on time step 17877 (time=357.54), 0.225783 s/step
on time step 17895 (time=357.9), 0.23201 s/step
on time step 17911 (time=358.22), 0.258663 s/step
on time step 17927 (time=358.54), 0.263011 s/step
on time step 17936 (time=358.72), 0.508203 s/step
on time step 17943 (time=358.86), 0.62484 s/step
on time step 17957 (time=359.14), 0.323098 s/step
on time step 17974 (time=359.48), 0.242935 s/step
on time step 17994 (time=359.88), 0.206822 s/step
on time step 18014 (time=360.28), 0.202316 s/step
on time step 18028 (time=360.56), 0.286924 s/step
on time step 18048 (time=360.96), 0.200669 s/step
on time step 18067 (time=361.34), 0.212502 s/step
run 0 finished at t = 361.7 (18085 timesteps)
done in 4863 s; n_iso 2.6376, n+ 2.6443, n- 2.6327

Elapsed run time = 4863.1602 s
