Warning: grid volume is not an integer number of pixels; cell size will be rounded to nearest pixel.
-----------
Initializing structure...
Halving computational cell along direction z
time for choose_chunkdivision = 0.000775814 s
Working in 3D dimensions.
Computational cell is 76.6 x 4.15 x 3 with resolution 20
     block, center = (0,-0.325,0)
          size (1e+20,0.5,0.22)
          axes (1,0,0), (0,1,0), (0,0,1)
          dielectric constant epsilon diagonal = (12.2537,12.2537,12.2537)
     block, center = (3.8,0.325,0)
          size (76.6,0.5,0.22)
          axes (1,0,0), (0,1,0), (0,0,1)
          dielectric constant epsilon diagonal = (12.2537,12.2537,12.2537)
time for set_epsilon = 5.90275 s
-----------
Warning: grid volume is not an integer number of pixels; cell size will be rounded to nearest pixel.
MPB solved for frequency_1(2.06107,0,0) = 0.785501 after 30 iters
MPB solved for frequency_1(1.97448,0,0) = 0.763404 after 15 iters
MPB solved for frequency_1(1.9743,0,0) = 0.763359 after 11 iters
MPB solved for frequency_1(1.9743,0,0) = 0.763359 after 3 iters
MPB solved for frequency_1(1.9743,0,0) = 0.763359 after 1 iters
Warning: grid volume is not an integer number of pixels; cell size will be rounded to nearest pixel.
MPB solved for frequency_1(2.06107,0,0) = 0.786539 after 20 iters
MPB solved for frequency_1(1.9705,0,0) = 0.763409 after 39 iters
MPB solved for frequency_1(1.97031,0,0) = 0.763359 after 9 iters
MPB solved for frequency_1(1.97031,0,0) = 0.763359 after 2 iters
Dominant planewave for band 1: (1.970306,-0.000000,0.000000)
Warning: grid volume is not an integer number of pixels; cell size will be rounded to nearest pixel.
MPB solved for frequency_1(2.06107,0,0) = 0.785417 after 21 iters
MPB solved for frequency_1(1.97568,0,0) = 0.763382 after 11 iters
MPB solved for frequency_1(1.97559,0,0) = 0.763359 after 3 iters
MPB solved for frequency_1(1.97559,0,0) = 0.763359 after 1 iters
Dominant planewave for band 1: (1.975594,-0.000000,0.000000)
Warning: grid volume is not an integer number of pixels; cell size will be rounded to nearest pixel.
MPB solved for frequency_2(2.06107,0,0) = 0.787374 after 20 iters
MPB solved for frequency_2(1.96665,0,0) = 0.76343 after 8 iters
MPB solved for frequency_2(1.96637,0,0) = 0.763359 after 8 iters
MPB solved for frequency_2(1.96637,0,0) = 0.763359 after 2 iters
Dominant planewave for band 2: (1.966373,0.784314,0.000000)
on time step 1 (time=0.025), 16.8932 s/step
on time step 51 (time=1.275), 0.0813359 s/step
on time step 93 (time=2.325), 0.098477 s/step
on time step 118 (time=2.95), 0.161014 s/step
on time step 152 (time=3.8), 0.117797 s/step
on time step 189 (time=4.725), 0.109959 s/step
on time step 227 (time=5.675), 0.106639 s/step
on time step 265 (time=6.625), 0.105925 s/step
on time step 301 (time=7.525), 0.112714 s/step
on time step 336 (time=8.4), 0.117669 s/step
on time step 373 (time=9.325), 0.108601 s/step
on time step 405 (time=10.125), 0.125976 s/step
on time step 440 (time=11), 0.115741 s/step
on time step 477 (time=11.925), 0.113111 s/step
on time step 512 (time=12.8), 0.119149 s/step
on time step 547 (time=13.675), 0.116844 s/step
on time step 578 (time=14.45), 0.129781 s/step
on time step 615 (time=15.375), 0.110093 s/step
on time step 652 (time=16.3), 0.108278 s/step
on time step 688 (time=17.2), 0.111665 s/step
on time step 721 (time=18.025), 0.1234 s/step
on time step 755 (time=18.875), 0.119292 s/step
on time step 781 (time=19.525), 0.155657 s/step
on time step 803 (time=20.075), 0.186046 s/step
on time step 820 (time=20.5), 0.236729 s/step
on time step 841 (time=21.025), 0.194648 s/step
on time step 861 (time=21.525), 0.20272 s/step
on time step 883 (time=22.075), 0.184551 s/step
on time step 908 (time=22.7), 0.171366 s/step
on time step 931 (time=23.275), 0.175348 s/step
on time step 956 (time=23.9), 0.165193 s/step
on time step 985 (time=24.625), 0.13983 s/step
on time step 1013 (time=25.325), 0.146181 s/step
on time step 1039 (time=25.975), 0.156153 s/step
on time step 1063 (time=26.575), 0.169046 s/step
on time step 1090 (time=27.25), 0.15084 s/step
on time step 1119 (time=27.975), 0.141245 s/step
on time step 1147 (time=28.675), 0.146499 s/step
on time step 1174 (time=29.35), 0.154654 s/step
on time step 1201 (time=30.025), 0.149145 s/step
on time step 1227 (time=30.675), 0.156853 s/step
on time step 1252 (time=31.3), 0.162091 s/step
on time step 1272 (time=31.8), 0.204825 s/step
on time step 1283 (time=32.075), 0.378925 s/step
on time step 1310 (time=32.75), 0.151613 s/step
on time step 1336 (time=33.4), 0.154858 s/step
on time step 1360 (time=34), 0.168044 s/step
on time step 1386 (time=34.65), 0.157726 s/step
on time step 1405 (time=35.125), 0.233324 s/step
on time step 1428 (time=35.7), 0.178544 s/step
on time step 1456 (time=36.4), 0.14661 s/step
on time step 1483 (time=37.075), 0.150328 s/step
on time step 1511 (time=37.775), 0.145125 s/step
on time step 1538 (time=38.45), 0.149341 s/step
on time step 1567 (time=39.175), 0.142986 s/step
on time step 1594 (time=39.85), 0.149172 s/step
on time step 1623 (time=40.575), 0.141613 s/step
on time step 1650 (time=41.25), 0.148498 s/step
on time step 1678 (time=41.95), 0.146158 s/step
on time step 1705 (time=42.625), 0.152246 s/step
on time step 1733 (time=43.325), 0.144607 s/step
on time step 1760 (time=44), 0.149211 s/step
on time step 1788 (time=44.7), 0.146618 s/step
on time step 1814 (time=45.35), 0.154137 s/step
on time step 1842 (time=46.05), 0.146395 s/step
on time step 1862 (time=46.55), 0.208231 s/step
on time step 1875 (time=46.875), 0.315322 s/step
on time step 1891 (time=47.275), 0.263721 s/step
on time step 1907 (time=47.675), 0.251747 s/step
on time step 1924 (time=48.1), 0.236251 s/step
on time step 1946 (time=48.65), 0.182726 s/step
on time step 1964 (time=49.1), 0.222423 s/step
on time step 1981 (time=49.525), 0.251707 s/step
on time step 2001 (time=50.025), 0.204607 s/step
on time step 2020 (time=50.5), 0.215949 s/step
on time step 2042 (time=51.05), 0.188081 s/step
on time step 2060 (time=51.5), 0.228629 s/step
on time step 2084 (time=52.1), 0.17178 s/step
on time step 2103 (time=52.575), 0.239778 s/step
on time step 2126 (time=53.15), 0.175737 s/step
on time step 2152 (time=53.8), 0.159532 s/step
on time step 2178 (time=54.45), 0.158776 s/step
on time step 2198 (time=54.95), 0.204123 s/step
on time step 2213 (time=55.325), 0.274076 s/step
on time step 2220 (time=55.5), 0.592041 s/step
on time step 2231 (time=55.775), 0.425785 s/step
on time step 2245 (time=56.125), 0.291258 s/step
on time step 2264 (time=56.6), 0.210755 s/step
on time step 2287 (time=57.175), 0.176142 s/step
on time step 2313 (time=57.825), 0.156682 s/step
on time step 2337 (time=58.425), 0.170243 s/step
on time step 2359 (time=58.975), 0.182234 s/step
on time step 2377 (time=59.425), 0.233226 s/step
on time step 2397 (time=59.925), 0.204559 s/step
on time step 2420 (time=60.5), 0.177037 s/step
on time step 2445 (time=61.125), 0.1683 s/step
on time step 2474 (time=61.85), 0.141598 s/step
on time step 2501 (time=62.525), 0.150399 s/step
on time step 2529 (time=63.225), 0.144656 s/step
on time step 2556 (time=63.9), 0.148296 s/step
on time step 2584 (time=64.6), 0.150234 s/step
on time step 2610 (time=65.25), 0.159408 s/step
on time step 2638 (time=65.95), 0.147426 s/step
on time step 2667 (time=66.675), 0.139411 s/step
on time step 2690 (time=67.25), 0.176646 s/step
on time step 2713 (time=67.825), 0.175508 s/step
on time step 2737 (time=68.425), 0.168625 s/step
on time step 2754 (time=68.85), 0.250196 s/step
on time step 2762 (time=69.05), 0.525701 s/step
on time step 2784 (time=69.6), 0.182547 s/step
on time step 2811 (time=70.275), 0.153952 s/step
on time step 2835 (time=70.875), 0.170738 s/step
on time step 2859 (time=71.475), 0.169433 s/step
on time step 2886 (time=72.15), 0.151004 s/step
on time step 2907 (time=72.675), 0.192195 s/step
on time step 2928 (time=73.2), 0.194674 s/step
on time step 2953 (time=73.825), 0.16119 s/step
on time step 2977 (time=74.425), 0.175193 s/step
on time step 2999 (time=74.975), 0.18597 s/step
on time step 3018 (time=75.45), 0.214173 s/step
on time step 3036 (time=75.9), 0.222535 s/step
on time step 3050 (time=76.25), 0.318625 s/step
on time step 3073 (time=76.825), 0.17807 s/step
on time step 3097 (time=77.425), 0.167288 s/step
on time step 3112 (time=77.8), 0.293816 s/step
on time step 3134 (time=78.35), 0.182085 s/step
on time step 3155 (time=78.875), 0.190516 s/step
on time step 3181 (time=79.525), 0.15862 s/step
on time step 3205 (time=80.125), 0.167246 s/step
on time step 3228 (time=80.7), 0.178005 s/step
on time step 3253 (time=81.325), 0.16569 s/step
on time step 3275 (time=81.875), 0.181856 s/step
on time step 3301 (time=82.525), 0.157137 s/step
on time step 3328 (time=83.2), 0.150165 s/step
on time step 3356 (time=83.9), 0.145827 s/step
on time step 3394 (time=84.85), 0.106064 s/step
on time step 3430 (time=85.75), 0.112585 s/step
on time step 3468 (time=86.7), 0.106407 s/step
on time step 3506 (time=87.65), 0.105444 s/step
on time step 3542 (time=88.55), 0.113932 s/step
on time step 3575 (time=89.375), 0.12167 s/step
on time step 3613 (time=90.325), 0.108292 s/step
on time step 3644 (time=91.1), 0.13298 s/step
on time step 3663 (time=91.575), 0.222556 s/step
on time step 3685 (time=92.125), 0.189616 s/step
on time step 3704 (time=92.6), 0.211489 s/step
on time step 3720 (time=93), 0.259664 s/step
on time step 3739 (time=93.475), 0.211374 s/step
on time step 3763 (time=94.075), 0.16857 s/step
on time step 3787 (time=94.675), 0.170319 s/step
on time step 3812 (time=95.3), 0.165253 s/step
on time step 3836 (time=95.9), 0.172506 s/step
on time step 3865 (time=96.625), 0.145302 s/step
on time step 3892 (time=97.3), 0.148342 s/step
on time step 3916 (time=97.9), 0.168849 s/step
on time step 3942 (time=98.55), 0.157945 s/step
on time step 3970 (time=99.25), 0.144572 s/step
on time step 3996 (time=99.9), 0.156392 s/step
on time step 4023 (time=100.575), 0.149726 s/step
on time step 4051 (time=101.275), 0.145193 s/step
on time step 4079 (time=101.975), 0.143799 s/step
on time step 4105 (time=102.625), 0.157567 s/step
on time step 4128 (time=103.2), 0.184956 s/step
on time step 4153 (time=103.825), 0.162095 s/step
on time step 4181 (time=104.525), 0.147079 s/step
on time step 4205 (time=105.125), 0.174046 s/step
on time step 4225 (time=105.625), 0.203378 s/step
on time step 4238 (time=105.95), 0.318057 s/step
on time step 4253 (time=106.325), 0.267458 s/step
on time step 4272 (time=106.8), 0.21617 s/step
on time step 4294 (time=107.35), 0.183732 s/step
on time step 4321 (time=108.025), 0.148779 s/step
on time step 4354 (time=108.85), 0.123167 s/step
on time step 4387 (time=109.675), 0.121764 s/step
on time step 4422 (time=110.55), 0.116472 s/step
on time step 4459 (time=111.475), 0.109569 s/step
on time step 4498 (time=112.45), 0.104682 s/step
on time step 4531 (time=113.275), 0.130104 s/step
on time step 4562 (time=114.05), 0.130382 s/step
on time step 4592 (time=114.8), 0.135513 s/step
on time step 4623 (time=115.575), 0.131898 s/step
on time step 4648 (time=116.2), 0.16417 s/step
on time step 4674 (time=116.85), 0.155071 s/step
on time step 4703 (time=117.575), 0.141659 s/step
on time step 4724 (time=118.1), 0.200415 s/step
on time step 4744 (time=118.6), 0.205331 s/step
on time step 4771 (time=119.275), 0.148277 s/step
on time step 4801 (time=120.025), 0.138864 s/step
on time step 4825 (time=120.625), 0.1688 s/step
on time step 4848 (time=121.2), 0.17744 s/step
on time step 4877 (time=121.925), 0.138726 s/step
on time step 4915 (time=122.875), 0.107315 s/step
on time step 4951 (time=123.775), 0.112892 s/step
on time step 4988 (time=124.7), 0.108546 s/step
on time step 5025 (time=125.625), 0.108605 s/step
on time step 5061 (time=126.525), 0.113098 s/step
on time step 5098 (time=127.45), 0.108649 s/step
on time step 5134 (time=128.35), 0.112868 s/step
on time step 5164 (time=129.1), 0.13488 s/step
on time step 5195 (time=129.875), 0.13154 s/step
on time step 5224 (time=130.6), 0.138078 s/step
on time step 5260 (time=131.5), 0.11283 s/step
on time step 5298 (time=132.45), 0.106247 s/step
on time step 5333 (time=133.325), 0.116366 s/step
on time step 5370 (time=134.25), 0.108387 s/step
on time step 5408 (time=135.2), 0.108058 s/step
on time step 5445 (time=136.125), 0.111466 s/step
on time step 5482 (time=137.05), 0.10927 s/step
on time step 5520 (time=138), 0.108891 s/step
on time step 5558 (time=138.95), 0.108766 s/step
on time step 5594 (time=139.85), 0.11197 s/step
on time step 5631 (time=140.775), 0.108406 s/step
on time step 5669 (time=141.725), 0.106583 s/step
on time step 5704 (time=142.6), 0.116148 s/step
on time step 5736 (time=143.4), 0.127695 s/step
on time step 5773 (time=144.325), 0.109251 s/step
on time step 5811 (time=145.275), 0.106732 s/step
on time step 5849 (time=146.225), 0.10616 s/step
on time step 5885 (time=147.125), 0.111848 s/step
on time step 5923 (time=148.075), 0.107205 s/step
on time step 5958 (time=148.95), 0.117275 s/step
on time step 5989 (time=149.725), 0.130513 s/step
on time step 6014 (time=150.35), 0.160495 s/step
on time step 6035 (time=150.875), 0.196563 s/step
on time step 6064 (time=151.6), 0.138933 s/step
on time step 6088 (time=152.2), 0.171175 s/step
on time step 6103 (time=152.575), 0.271841 s/step
on time step 6136 (time=153.4), 0.121949 s/step
on time step 6165 (time=154.125), 0.140895 s/step
on time step 6190 (time=154.75), 0.160281 s/step
on time step 6228 (time=155.7), 0.107793 s/step
on time step 6265 (time=156.625), 0.110578 s/step
on time step 6302 (time=157.55), 0.108249 s/step
on time step 6339 (time=158.475), 0.111541 s/step
on time step 6374 (time=159.35), 0.120017 s/step
on time step 6407 (time=160.175), 0.124334 s/step
on time step 6438 (time=160.95), 0.130991 s/step
on time step 6471 (time=161.775), 0.123018 s/step
on time step 6502 (time=162.55), 0.129804 s/step
on time step 6533 (time=163.325), 0.13045 s/step
on time step 6565 (time=164.125), 0.130051 s/step
on time step 6600 (time=165), 0.11566 s/step
on time step 6625 (time=165.625), 0.163239 s/step
on time step 6657 (time=166.425), 0.125871 s/step
on time step 6689 (time=167.225), 0.127776 s/step
on time step 6720 (time=168), 0.131823 s/step
on time step 6751 (time=168.775), 0.136414 s/step
on time step 6785 (time=169.625), 0.122657 s/step
on time step 6818 (time=170.45), 0.124273 s/step
on time step 6849 (time=171.225), 0.129353 s/step
on time step 6874 (time=171.85), 0.163143 s/step
on time step 6897 (time=172.425), 0.177764 s/step
on time step 6913 (time=172.825), 0.252182 s/step
on time step 6938 (time=173.45), 0.163491 s/step
on time step 6956 (time=173.9), 0.223517 s/step
on time step 6984 (time=174.6), 0.145086 s/step
on time step 7014 (time=175.35), 0.134806 s/step
on time step 7046 (time=176.15), 0.12527 s/step
on time step 7074 (time=176.85), 0.144701 s/step
on time step 7104 (time=177.6), 0.137212 s/step
on time step 7136 (time=178.4), 0.131576 s/step
on time step 7164 (time=179.1), 0.145942 s/step
on time step 7197 (time=179.925), 0.124598 s/step
on time step 7230 (time=180.75), 0.131926 s/step
on time step 7264 (time=181.6), 0.12001 s/step
on time step 7298 (time=182.45), 0.119959 s/step
on time step 7326 (time=183.15), 0.143222 s/step
on time step 7357 (time=183.925), 0.135038 s/step
on time step 7384 (time=184.6), 0.153945 s/step
on time step 7415 (time=185.375), 0.129795 s/step
on time step 7444 (time=186.1), 0.142879 s/step
on time step 7476 (time=186.9), 0.125051 s/step
on time step 7508 (time=187.7), 0.125928 s/step
on time step 7542 (time=188.55), 0.119815 s/step
on time step 7575 (time=189.375), 0.12414 s/step
on time step 7601 (time=190.025), 0.156833 s/step
on time step 7627 (time=190.675), 0.15645 s/step
on time step 7654 (time=191.35), 0.152452 s/step
on time step 7678 (time=191.95), 0.175409 s/step
on time step 7704 (time=192.6), 0.159452 s/step
on time step 7739 (time=193.475), 0.116742 s/step
on time step 7773 (time=194.325), 0.119608 s/step
on time step 7804 (time=195.1), 0.129197 s/step
on time step 7839 (time=195.975), 0.114294 s/step
on time step 7866 (time=196.65), 0.149525 s/step
on time step 7897 (time=197.425), 0.131361 s/step
on time step 7926 (time=198.15), 0.138969 s/step
on time step 7952 (time=198.8), 0.159997 s/step
on time step 7979 (time=199.475), 0.150097 s/step
on time step 8006 (time=200.15), 0.154307 s/step
on time step 8040 (time=201), 0.118216 s/step
on time step 8074 (time=201.85), 0.12333 s/step
on time step 8112 (time=202.8), 0.107024 s/step
on time step 8147 (time=203.675), 0.115268 s/step
on time step 8182 (time=204.55), 0.114678 s/step
on time step 8216 (time=205.4), 0.119783 s/step
on time step 8247 (time=206.175), 0.130222 s/step
on time step 8278 (time=206.95), 0.131836 s/step
on time step 8303 (time=207.575), 0.161287 s/step
on time step 8326 (time=208.15), 0.178285 s/step
on time step 8352 (time=208.8), 0.157567 s/step
on time step 8380 (time=209.5), 0.146558 s/step
on time step 8409 (time=210.225), 0.138671 s/step
on time step 8445 (time=211.125), 0.113536 s/step
on time step 8479 (time=211.975), 0.118878 s/step
on time step 8517 (time=212.925), 0.10738 s/step
on time step 8555 (time=213.875), 0.109864 s/step
on time step 8592 (time=214.8), 0.109145 s/step
on time step 8622 (time=215.55), 0.137529 s/step
on time step 8648 (time=216.2), 0.156808 s/step
on time step 8674 (time=216.85), 0.156219 s/step
on time step 8704 (time=217.6), 0.136543 s/step
on time step 8732 (time=218.3), 0.142923 s/step
on time step 8762 (time=219.05), 0.136162 s/step
on time step 8791 (time=219.775), 0.138328 s/step
on time step 8825 (time=220.625), 0.119409 s/step
on time step 8854 (time=221.35), 0.141163 s/step
on time step 8883 (time=222.075), 0.140511 s/step
on time step 8910 (time=222.75), 0.156302 s/step
on time step 8937 (time=223.425), 0.149258 s/step
on time step 8959 (time=223.975), 0.182264 s/step
on time step 8987 (time=224.675), 0.145659 s/step
on time step 9010 (time=225.25), 0.177848 s/step
on time step 9044 (time=226.1), 0.11901 s/step
on time step 9081 (time=227.025), 0.108594 s/step
on time step 9119 (time=227.975), 0.106385 s/step
on time step 9157 (time=228.925), 0.106839 s/step
on time step 9193 (time=229.825), 0.111969 s/step
on time step 9229 (time=230.725), 0.112059 s/step
on time step 9267 (time=231.675), 0.106598 s/step
on time step 9304 (time=232.6), 0.108589 s/step
on time step 9335 (time=233.375), 0.12915 s/step
on time step 9366 (time=234.15), 0.131628 s/step
on time step 9395 (time=234.875), 0.138791 s/step
on time step 9432 (time=235.8), 0.108562 s/step
on time step 9464 (time=236.6), 0.127544 s/step
on time step 9496 (time=237.4), 0.125962 s/step
on time step 9527 (time=238.175), 0.130083 s/step
on time step 9558 (time=238.95), 0.134367 s/step
on time step 9594 (time=239.85), 0.114145 s/step
on time step 9628 (time=240.7), 0.119687 s/step
on time step 9662 (time=241.55), 0.121223 s/step
on time step 9693 (time=242.325), 0.129546 s/step
on time step 9728 (time=243.2), 0.116184 s/step
on time step 9762 (time=244.05), 0.117789 s/step
on time step 9796 (time=244.9), 0.119032 s/step
on time step 9828 (time=245.7), 0.126803 s/step
on time step 9856 (time=246.4), 0.14549 s/step
on time step 9885 (time=247.125), 0.139018 s/step
on time step 9904 (time=247.6), 0.212421 s/step
on time step 9916 (time=247.9), 0.333718 s/step
on time step 9925 (time=248.125), 0.459594 s/step
on time step 9934 (time=248.35), 0.453316 s/step
on time step 9948 (time=248.7), 0.304793 s/step
on time step 9967 (time=249.175), 0.211906 s/step
on time step 9988 (time=249.7), 0.192808 s/step
on time step 10009 (time=250.225), 0.194185 s/step
on time step 10033 (time=250.825), 0.171326 s/step
on time step 10063 (time=251.575), 0.135505 s/step
on time step 10095 (time=252.375), 0.127273 s/step
on time step 10126 (time=253.15), 0.129115 s/step
on time step 10155 (time=253.875), 0.140481 s/step
on time step 10182 (time=254.55), 0.152018 s/step
on time step 10205 (time=255.125), 0.177376 s/step
on time step 10230 (time=255.75), 0.161866 s/step
on time step 10253 (time=256.325), 0.174317 s/step
on time step 10258 (time=256.45), 0.87149 s/step
on time step 10269 (time=256.725), 0.36624 s/step
on time step 10293 (time=257.325), 0.172074 s/step
on time step 10322 (time=258.05), 0.139051 s/step
on time step 10353 (time=258.825), 0.131737 s/step
on time step 10388 (time=259.7), 0.116836 s/step
on time step 10423 (time=260.575), 0.114437 s/step
on time step 10460 (time=261.5), 0.108844 s/step
on time step 10496 (time=262.4), 0.111807 s/step
on time step 10533 (time=263.325), 0.109679 s/step
on time step 10571 (time=264.275), 0.106305 s/step
on time step 10604 (time=265.1), 0.122252 s/step
on time step 10639 (time=265.975), 0.115961 s/step
on time step 10667 (time=266.675), 0.144837 s/step
on time step 10701 (time=267.525), 0.12252 s/step
on time step 10730 (time=268.25), 0.138228 s/step
on time step 10766 (time=269.15), 0.112413 s/step
on time step 10803 (time=270.075), 0.110873 s/step
on time step 10840 (time=271), 0.109634 s/step
on time step 10878 (time=271.95), 0.108214 s/step
on time step 10915 (time=272.875), 0.110073 s/step
on time step 10953 (time=273.825), 0.106091 s/step
on time step 10990 (time=274.75), 0.110242 s/step
on time step 11023 (time=275.575), 0.123726 s/step
on time step 11056 (time=276.4), 0.122916 s/step
on time step 11093 (time=277.325), 0.108813 s/step
on time step 11130 (time=278.25), 0.109179 s/step
on time step 11166 (time=279.15), 0.112561 s/step
on time step 11202 (time=280.05), 0.111286 s/step
on time step 11238 (time=280.95), 0.111865 s/step
on time step 11275 (time=281.875), 0.10812 s/step
on time step 11311 (time=282.775), 0.11127 s/step
on time step 11348 (time=283.7), 0.108195 s/step
on time step 11382 (time=284.55), 0.118278 s/step
on time step 11414 (time=285.35), 0.129066 s/step
on time step 11450 (time=286.25), 0.112 s/step
on time step 11486 (time=287.15), 0.112281 s/step
on time step 11523 (time=288.075), 0.112194 s/step
on time step 11559 (time=288.975), 0.111962 s/step
on time step 11593 (time=289.825), 0.117795 s/step
on time step 11630 (time=290.75), 0.110385 s/step
on time step 11666 (time=291.65), 0.11253 s/step
on time step 11703 (time=292.575), 0.110495 s/step
on time step 11739 (time=293.475), 0.111873 s/step
on time step 11776 (time=294.4), 0.109143 s/step
on time step 11812 (time=295.3), 0.112203 s/step
on time step 11848 (time=296.2), 0.112676 s/step
on time step 11885 (time=297.125), 0.109509 s/step
on time step 11922 (time=298.05), 0.110356 s/step
on time step 11959 (time=298.975), 0.110674 s/step
on time step 11990 (time=299.75), 0.136068 s/step
on time step 12021 (time=300.525), 0.130196 s/step
on time step 12057 (time=301.425), 0.111173 s/step
on time step 12093 (time=302.325), 0.111185 s/step
on time step 12130 (time=303.25), 0.108115 s/step
on time step 12167 (time=304.175), 0.109229 s/step
on time step 12204 (time=305.1), 0.110461 s/step
on time step 12235 (time=305.875), 0.129391 s/step
on time step 12270 (time=306.75), 0.114822 s/step
on time step 12306 (time=307.65), 0.111447 s/step
on time step 12343 (time=308.575), 0.110285 s/step
on time step 12380 (time=309.5), 0.110138 s/step
on time step 12417 (time=310.425), 0.110401 s/step
on time step 12453 (time=311.325), 0.111121 s/step
on time step 12485 (time=312.125), 0.127191 s/step
on time step 12520 (time=313), 0.11537 s/step
on time step 12556 (time=313.9), 0.113409 s/step
on time step 12592 (time=314.8), 0.112899 s/step
on time step 12627 (time=315.675), 0.11439 s/step
on time step 12663 (time=316.575), 0.11162 s/step
on time step 12697 (time=317.425), 0.118084 s/step
on time step 12730 (time=318.25), 0.123802 s/step
on time step 12765 (time=319.125), 0.116616 s/step
on time step 12800 (time=320), 0.116951 s/step
on time step 12834 (time=320.85), 0.118308 s/step
on time step 12870 (time=321.75), 0.113258 s/step
on time step 12905 (time=322.625), 0.11562 s/step
on time step 12939 (time=323.475), 0.11981 s/step
on time step 12969 (time=324.225), 0.137069 s/step
on time step 13004 (time=325.1), 0.11569 s/step
on time step 13037 (time=325.925), 0.12131 s/step
on time step 13072 (time=326.8), 0.118833 s/step
on time step 13105 (time=327.625), 0.122862 s/step
on time step 13139 (time=328.475), 0.119124 s/step
on time step 13167 (time=329.175), 0.154165 s/step
on time step 13184 (time=329.6), 0.241193 s/step
on time step 13208 (time=330.2), 0.167836 s/step
on time step 13228 (time=330.7), 0.206634 s/step
on time step 13246 (time=331.15), 0.228878 s/step
on time step 13265 (time=331.625), 0.221512 s/step
on time step 13288 (time=332.2), 0.177917 s/step
on time step 13320 (time=333), 0.12843 s/step
on time step 13355 (time=333.875), 0.117916 s/step
on time step 13390 (time=334.75), 0.117754 s/step
on time step 13421 (time=335.525), 0.130839 s/step
on time step 13450 (time=336.25), 0.13836 s/step
on time step 13475 (time=336.875), 0.164092 s/step
on time step 13501 (time=337.525), 0.154125 s/step
on time step 13528 (time=338.2), 0.148314 s/step
on time step 13557 (time=338.925), 0.140508 s/step
on time step 13585 (time=339.625), 0.145673 s/step
on time step 13617 (time=340.425), 0.127568 s/step
on time step 13651 (time=341.275), 0.119754 s/step
on time step 13684 (time=342.1), 0.123603 s/step
on time step 13720 (time=343), 0.112573 s/step
on time step 13755 (time=343.875), 0.116434 s/step
on time step 13789 (time=344.725), 0.119609 s/step
on time step 13825 (time=345.625), 0.115027 s/step
on time step 13860 (time=346.5), 0.115873 s/step
on time step 13892 (time=347.3), 0.127768 s/step
on time step 13924 (time=348.1), 0.12758 s/step
on time step 13958 (time=348.95), 0.118293 s/step
on time step 13989 (time=349.725), 0.132382 s/step
on time step 14023 (time=350.575), 0.119405 s/step
on time step 14058 (time=351.45), 0.115105 s/step
on time step 14091 (time=352.275), 0.121739 s/step
on time step 14120 (time=353), 0.14218 s/step
on time step 14137 (time=353.425), 0.237661 s/step
on time step 14163 (time=354.075), 0.158899 s/step
on time step 14181 (time=354.525), 0.232117 s/step
on time step 14187 (time=354.675), 0.799894 s/step
on time step 14192 (time=354.8), 1.01807 s/step
on time step 14199 (time=354.975), 0.664066 s/step
on time step 14209 (time=355.225), 0.417552 s/step
on time step 14221 (time=355.525), 0.339061 s/step
on time step 14237 (time=355.925), 0.250763 s/step
on time step 14251 (time=356.275), 0.315833 s/step
on time step 14270 (time=356.75), 0.216997 s/step
on time step 14288 (time=357.2), 0.22727 s/step
on time step 14307 (time=357.675), 0.217118 s/step
on time step 14323 (time=358.075), 0.253729 s/step
on time step 14342 (time=358.55), 0.218919 s/step
on time step 14363 (time=359.075), 0.196422 s/step
on time step 14383 (time=359.575), 0.200312 s/step
on time step 14400 (time=360), 0.25622 s/step
on time step 14411 (time=360.275), 0.368569 s/step
on time step 14423 (time=360.575), 0.353843 s/step
on time step 14438 (time=360.95), 0.284532 s/step
on time step 14454 (time=361.35), 0.252999 s/step
on time step 14471 (time=361.775), 0.25788 s/step
on time step 14489 (time=362.225), 0.223396 s/step
on time step 14503 (time=362.575), 0.297845 s/step
on time step 14508 (time=362.7), 0.808147 s/step
on time step 14525 (time=363.125), 0.247371 s/step
on time step 14531 (time=363.275), 0.691003 s/step
on time step 14539 (time=363.475), 0.507156 s/step
on time step 14553 (time=363.825), 0.298428 s/step
on time step 14564 (time=364.1), 0.381607 s/step
on time step 14575 (time=364.375), 0.365967 s/step
on time step 14588 (time=364.7), 0.313227 s/step
on time step 14599 (time=364.975), 0.369979 s/step
on time step 14617 (time=365.425), 0.225624 s/step
on time step 14636 (time=365.9), 0.220522 s/step
on time step 14656 (time=366.4), 0.210177 s/step
on time step 14673 (time=366.825), 0.235847 s/step
run 0 finished at t = 367.05 (14682 timesteps)
done in 2153 s; n_iso 2.5811, n+ 2.5880, n- 2.5759

Elapsed run time = 2153.5560 s
